Archive member included to satisfy reference by file (symbol)

c:/st/stm32cubeide_1.7.0/stm32cubeide/plugins/com.st.stm32cube.ide.mcu.externaltools.gnu-tools-for-stm32.9-2020-q2-update.win32_2.0.0.202105311346/tools/bin/../lib/gcc/arm-none-eabi/9.3.1/../../../../arm-none-eabi/lib/thumb/v7-m/nofp\libc_nano.a(lib_a-errno.o)
                              ./Core/Src/syscalls.o (__errno)
c:/st/stm32cubeide_1.7.0/stm32cubeide/plugins/com.st.stm32cube.ide.mcu.externaltools.gnu-tools-for-stm32.9-2020-q2-update.win32_2.0.0.202105311346/tools/bin/../lib/gcc/arm-none-eabi/9.3.1/../../../../arm-none-eabi/lib/thumb/v7-m/nofp\libc_nano.a(lib_a-exit.o)
                              c:/st/stm32cubeide_1.7.0/stm32cubeide/plugins/com.st.stm32cube.ide.mcu.externaltools.gnu-tools-for-stm32.9-2020-q2-update.win32_2.0.0.202105311346/tools/bin/../lib/gcc/arm-none-eabi/9.3.1/../../../../arm-none-eabi/lib/thumb/v7-m/nofp/crt0.o (exit)
c:/st/stm32cubeide_1.7.0/stm32cubeide/plugins/com.st.stm32cube.ide.mcu.externaltools.gnu-tools-for-stm32.9-2020-q2-update.win32_2.0.0.202105311346/tools/bin/../lib/gcc/arm-none-eabi/9.3.1/../../../../arm-none-eabi/lib/thumb/v7-m/nofp\libc_nano.a(lib_a-impure.o)
                              c:/st/stm32cubeide_1.7.0/stm32cubeide/plugins/com.st.stm32cube.ide.mcu.externaltools.gnu-tools-for-stm32.9-2020-q2-update.win32_2.0.0.202105311346/tools/bin/../lib/gcc/arm-none-eabi/9.3.1/../../../../arm-none-eabi/lib/thumb/v7-m/nofp\libc_nano.a(lib_a-exit.o) (_global_impure_ptr)
c:/st/stm32cubeide_1.7.0/stm32cubeide/plugins/com.st.stm32cube.ide.mcu.externaltools.gnu-tools-for-stm32.9-2020-q2-update.win32_2.0.0.202105311346/tools/bin/../lib/gcc/arm-none-eabi/9.3.1/../../../../arm-none-eabi/lib/thumb/v7-m/nofp\libc_nano.a(lib_a-init.o)
                              c:/st/stm32cubeide_1.7.0/stm32cubeide/plugins/com.st.stm32cube.ide.mcu.externaltools.gnu-tools-for-stm32.9-2020-q2-update.win32_2.0.0.202105311346/tools/bin/../lib/gcc/arm-none-eabi/9.3.1/../../../../arm-none-eabi/lib/thumb/v7-m/nofp/crt0.o (__libc_init_array)
c:/st/stm32cubeide_1.7.0/stm32cubeide/plugins/com.st.stm32cube.ide.mcu.externaltools.gnu-tools-for-stm32.9-2020-q2-update.win32_2.0.0.202105311346/tools/bin/../lib/gcc/arm-none-eabi/9.3.1/../../../../arm-none-eabi/lib/thumb/v7-m/nofp\libc_nano.a(lib_a-malloc.o)
                              ./Core/Src/scheduler.o (malloc)
c:/st/stm32cubeide_1.7.0/stm32cubeide/plugins/com.st.stm32cube.ide.mcu.externaltools.gnu-tools-for-stm32.9-2020-q2-update.win32_2.0.0.202105311346/tools/bin/../lib/gcc/arm-none-eabi/9.3.1/../../../../arm-none-eabi/lib/thumb/v7-m/nofp\libc_nano.a(lib_a-memset.o)
                              c:/st/stm32cubeide_1.7.0/stm32cubeide/plugins/com.st.stm32cube.ide.mcu.externaltools.gnu-tools-for-stm32.9-2020-q2-update.win32_2.0.0.202105311346/tools/bin/../lib/gcc/arm-none-eabi/9.3.1/../../../../arm-none-eabi/lib/thumb/v7-m/nofp/crt0.o (memset)
c:/st/stm32cubeide_1.7.0/stm32cubeide/plugins/com.st.stm32cube.ide.mcu.externaltools.gnu-tools-for-stm32.9-2020-q2-update.win32_2.0.0.202105311346/tools/bin/../lib/gcc/arm-none-eabi/9.3.1/../../../../arm-none-eabi/lib/thumb/v7-m/nofp\libc_nano.a(lib_a-nano-freer.o)
                              c:/st/stm32cubeide_1.7.0/stm32cubeide/plugins/com.st.stm32cube.ide.mcu.externaltools.gnu-tools-for-stm32.9-2020-q2-update.win32_2.0.0.202105311346/tools/bin/../lib/gcc/arm-none-eabi/9.3.1/../../../../arm-none-eabi/lib/thumb/v7-m/nofp\libc_nano.a(lib_a-malloc.o) (_free_r)
c:/st/stm32cubeide_1.7.0/stm32cubeide/plugins/com.st.stm32cube.ide.mcu.externaltools.gnu-tools-for-stm32.9-2020-q2-update.win32_2.0.0.202105311346/tools/bin/../lib/gcc/arm-none-eabi/9.3.1/../../../../arm-none-eabi/lib/thumb/v7-m/nofp\libc_nano.a(lib_a-nano-mallocr.o)
                              c:/st/stm32cubeide_1.7.0/stm32cubeide/plugins/com.st.stm32cube.ide.mcu.externaltools.gnu-tools-for-stm32.9-2020-q2-update.win32_2.0.0.202105311346/tools/bin/../lib/gcc/arm-none-eabi/9.3.1/../../../../arm-none-eabi/lib/thumb/v7-m/nofp\libc_nano.a(lib_a-malloc.o) (_malloc_r)
c:/st/stm32cubeide_1.7.0/stm32cubeide/plugins/com.st.stm32cube.ide.mcu.externaltools.gnu-tools-for-stm32.9-2020-q2-update.win32_2.0.0.202105311346/tools/bin/../lib/gcc/arm-none-eabi/9.3.1/../../../../arm-none-eabi/lib/thumb/v7-m/nofp\libc_nano.a(lib_a-sbrkr.o)
                              c:/st/stm32cubeide_1.7.0/stm32cubeide/plugins/com.st.stm32cube.ide.mcu.externaltools.gnu-tools-for-stm32.9-2020-q2-update.win32_2.0.0.202105311346/tools/bin/../lib/gcc/arm-none-eabi/9.3.1/../../../../arm-none-eabi/lib/thumb/v7-m/nofp\libc_nano.a(lib_a-nano-mallocr.o) (_sbrk_r)
c:/st/stm32cubeide_1.7.0/stm32cubeide/plugins/com.st.stm32cube.ide.mcu.externaltools.gnu-tools-for-stm32.9-2020-q2-update.win32_2.0.0.202105311346/tools/bin/../lib/gcc/arm-none-eabi/9.3.1/../../../../arm-none-eabi/lib/thumb/v7-m/nofp\libc_nano.a(lib_a-sprintf.o)
                              ./Core/Src/lcd.o (sprintf)
[...]
Memory Configuration

Name             Origin             Length             Attributes
RAM              0x0000000020000000 0x0000000000005000 xrw
FLASH            0x0000000008000000 0x0000000000010000 xr
*default*        0x0000000000000000 0xffffffffffffffff

Linker script and memory map

LOAD c:/st/stm32cubeide_1.7.0/stm32cubeide/plugins/com.st.stm32cube.ide.mcu.externaltools.gnu-tools-for-stm32.9-2020-q2-update.win32_2.0.0.202105311346/tools/bin/../lib/gcc/arm-none-eabi/9.3.1/thumb/v7-m/nofp/crti.o
LOAD c:/st/stm32cubeide_1.7.0/stm32cubeide/plugins/com.st.stm32cube.ide.mcu.externaltools.gnu-tools-for-stm32.9-2020-q2-update.win32_2.0.0.202105311346/tools/bin/../lib/gcc/arm-none-eabi/9.3.1/thumb/v7-m/nofp/crtbegin.o
LOAD c:/st/stm32cubeide_1.7.0/stm32cubeide/plugins/com.st.stm32cube.ide.mcu.externaltools.gnu-tools-for-stm32.9-2020-q2-update.win32_2.0.0.202105311346/tools/bin/../lib/gcc/arm-none-eabi/9.3.1/../../../../arm-none-eabi/lib/thumb/v7-m/nofp/crt0.o
LOAD ./Core/Src/buzzer.o
LOAD ./Core/Src/fsm.o
LOAD ./Core/Src/global.o
LOAD ./Core/Src/lcd.o
LOAD ./Core/Src/led_rgb.o
LOAD ./Core/Src/main.o
LOAD ./Core/Src/scheduler.o
LOAD ./Core/Src/signal.o
LOAD ./Core/Src/stm32f1xx_hal_msp.o
LOAD ./Core/Src/stm32f1xx_it.o
LOAD ./Core/Src/syscalls.o
LOAD ./Core/Src/sysmem.o
LOAD ./Core/Src/system_stm32f1xx.o
LOAD ./Core/Src/wifi.o
LOAD ./Core/Startup/startup_stm32f103c8tx.o
LOAD ./Drivers/STM32F1xx_HAL_Driver/Src/stm32f1xx_hal.o
LOAD ./Drivers/STM32F1xx_HAL_Driver/Src/stm32f1xx_hal_cortex.o
LOAD ./Drivers/STM32F1xx_HAL_Driver/Src/stm32f1xx_hal_dma.o
LOAD ./Drivers/STM32F1xx_HAL_Driver/Src/stm32f1xx_hal_exti.o
LOAD ./Drivers/STM32F1xx_HAL_Driver/Src/stm32f1xx_hal_flash.o
LOAD ./Drivers/STM32F1xx_HAL_Driver/Src/stm32f1xx_hal_flash_ex.o
LOAD ./Drivers/STM32F1xx_HAL_Driver/Src/stm32f1xx_hal_gpio.o
LOAD ./Drivers/STM32F1xx_HAL_Driver/Src/stm32f1xx_hal_gpio_ex.o
LOAD ./Drivers/STM32F1xx_HAL_Driver/Src/stm32f1xx_hal_i2c.o
LOAD ./Drivers/STM32F1xx_HAL_Driver/Src/stm32f1xx_hal_pwr.o
LOAD ./Drivers/STM32F1xx_HAL_Driver/Src/stm32f1xx_hal_rcc.o
LOAD ./Drivers/STM32F1xx_HAL_Driver/Src/stm32f1xx_hal_rcc_ex.o
LOAD ./Drivers/STM32F1xx_HAL_Driver/Src/stm32f1xx_hal_tim.o
LOAD ./Drivers/STM32F1xx_HAL_Driver/Src/stm32f1xx_hal_tim_ex.o
LOAD ./Drivers/STM32F1xx_HAL_Driver/Src/stm32f1xx_hal_uart.o
START GROUP
LOAD c:/st/stm32cubeide_1.7.0/stm32cubeide/plugins/com.st.stm32cube.ide.mcu.externaltools.gnu-tools-for-stm32.9-2020-q2-update.win32_2.0.0.202105311346/tools/bin/../lib/gcc/arm-none-eabi/9.3.1/../../../../arm-none-eabi/lib/thumb/v7-m/nofp\libc_nano.a
LOAD c:/st/stm32cubeide_1.7.0/stm32cubeide/plugins/com.st.stm32cube.ide.mcu.externaltools.gnu-tools-for-stm32.9-2020-q2-update.win32_2.0.0.202105311346/tools/bin/../lib/gcc/arm-none-eabi/9.3.1/../../../../arm-none-eabi/lib/thumb/v7-m/nofp\libm.a
END GROUP
START GROUP
LOAD c:/st/stm32cubeide_1.7.0/stm32cubeide/plugins/com.st.stm32cube.ide.mcu.externaltools.gnu-tools-for-stm32.9-2020-q2-update.win32_2.0.0.202105311346/tools/bin/../lib/gcc/arm-none-eabi/9.3.1/thumb/v7-m/nofp\libgcc.a
LOAD c:/st/stm32cubeide_1.7.0/stm32cubeide/plugins/com.st.stm32cube.ide.mcu.externaltools.gnu-tools-for-stm32.9-2020-q2-update.win32_2.0.0.202105311346/tools/bin/../lib/gcc/arm-none-eabi/9.3.1/../../../../arm-none-eabi/lib/thumb/v7-m/nofp\libc_nano.a
END GROUP
START GROUP
LOAD c:/st/stm32cubeide_1.7.0/stm32cubeide/plugins/com.st.stm32cube.ide.mcu.externaltools.gnu-tools-for-stm32.9-2020-q2-update.win32_2.0.0.202105311346/tools/bin/../lib/gcc/arm-none-eabi/9.3.1/thumb/v7-m/nofp\libgcc.a
LOAD c:/st/stm32cubeide_1.7.0/stm32cubeide/plugins/com.st.stm32cube.ide.mcu.externaltools.gnu-tools-for-stm32.9-2020-q2-update.win32_2.0.0.202105311346/tools/bin/../lib/gcc/arm-none-eabi/9.3.1/../../../../arm-none-eabi/lib/thumb/v7-m/nofp\libc_nano.a
LOAD c:/st/stm32cubeide_1.7.0/stm32cubeide/plugins/com.st.stm32cube.ide.mcu.externaltools.gnu-tools-for-stm32.9-2020-q2-update.win32_2.0.0.202105311346/tools/bin/../lib/gcc/arm-none-eabi/9.3.1/../../../../arm-none-eabi/lib/thumb/v7-m/nofp\libnosys.a
END GROUP
START GROUP
LOAD c:/st/stm32cubeide_1.7.0/stm32cubeide/plugins/com.st.stm32cube.ide.mcu.externaltools.gnu-tools-for-stm32.9-2020-q2-update.win32_2.0.0.202105311346/tools/bin/../lib/gcc/arm-none-eabi/9.3.1/thumb/v7-m/nofp\libgcc.a
LOAD c:/st/stm32cubeide_1.7.0/stm32cubeide/plugins/com.st.stm32cube.ide.mcu.externaltools.gnu-tools-for-stm32.9-2020-q2-update.win32_2.0.0.202105311346/tools/bin/../lib/gcc/arm-none-eabi/9.3.1/../../../../arm-none-eabi/lib/thumb/v7-m/nofp\libc_nano.a
LOAD c:/st/stm32cubeide_1.7.0/stm32cubeide/plugins/com.st.stm32cube.ide.mcu.externaltools.gnu-tools-for-stm32.9-2020-q2-update.win32_2.0.0.202105311346/tools/bin/../lib/gcc/arm-none-eabi/9.3.1/../../../../arm-none-eabi/lib/thumb/v7-m/nofp\libnosys.a
END GROUP
LOAD c:/st/stm32cubeide_1.7.0/stm32cubeide/plugins/com.st.stm32cube.ide.mcu.externaltools.gnu-tools-for-stm32.9-2020-q2-update.win32_2.0.0.202105311346/tools/bin/../lib/gcc/arm-none-eabi/9.3.1/thumb/v7-m/nofp/crtend.o
LOAD c:/st/stm32cubeide_1.7.0/stm32cubeide/plugins/com.st.stm32cube.ide.mcu.externaltools.gnu-tools-for-stm32.9-2020-q2-update.win32_2.0.0.202105311346/tools/bin/../lib/gcc/arm-none-eabi/9.3.1/thumb/v7-m/nofp/crtn.o
                0x0000000020005000                _estack = (ORIGIN (RAM) + LENGTH (RAM))
                0x0000000000000200                _Min_Heap_Size = 0x200
                0x0000000000000400                _Min_Stack_Size = 0x400

.isr_vector     0x0000000008000000      0x10c
                0x0000000008000000                . = ALIGN (0x4)
 *(.isr_vector)
 .isr_vector    0x0000000008000000      0x10c ./Core/Startup/startup_stm32f103c8tx.o
                0x0000000008000000                g_pfnVectors
                0x000000000800010c                . = ALIGN (0x4)

.text           0x000000000800010c     0x47b4
                0x000000000800010c                . = ALIGN (0x4)
 *(.text)
 .text          0x000000000800010c       0x40 c:/st/stm32cubeide_1.7.0/stm32cubeide/plugins/com.st.stm32cube.ide.mcu.externaltools.gnu-tools-for-stm32.9-2020-q2-update.win32_2.0.0.202105311346/tools/bin/../lib/gcc/arm-none-eabi/9.3.1/thumb/v7-m/nofp/crtbegin.o
 .text          0x000000000800014c       0x10 c:/st/stm32cubeide_1.7.0/stm32cubeide/plugins/com.st.stm32cube.ide.mcu.externaltools.gnu-tools-for-stm32.9-2020-q2-update.win32_2.0.0.202105311346/tools/bin/../lib/gcc/arm-none-eabi/9.3.1/../../../../arm-none-eabi/lib/thumb/v7-m/nofp\libc_nano.a(lib_a-strlen.o)
                0x000000000800014c                strlen
 *(.text*)
 .text.right_buzzer
                0x000000000800015c       0x1c ./Core/Src/buzzer.o
                0x000000000800015c                right_buzzer
 .text.wrong_buzzer
                0x0000000008000178       0x1c ./Core/Src/buzzer.o
                0x0000000008000178                wrong_buzzer
 .text.fsm_run  0x0000000008000194       0xf4 ./Core/Src/fsm.o
                0x0000000008000194                fsm_run
 .text.lcd_send_cmd
                0x0000000008000288       0x60 ./Core/Src/lcd.o
                0x0000000008000288                lcd_send_cmd
 .text.lcd_send_data
                0x00000000080002e8       0x60 ./Core/Src/lcd.o
                0x00000000080002e8                lcd_send_data
 .text.lcd_init
                0x0000000008000348       0x5c ./Core/Src/lcd.o
                0x0000000008000348                lcd_init
 .text.lcd_send_string
                0x00000000080003a4       0x2a ./Core/Src/lcd.o
                0x00000000080003a4                lcd_send_string
 .text.lcd_clear_display
                0x00000000080003ce       0x14 ./Core/Src/lcd.o
                0x00000000080003ce                lcd_clear_display
 .text.lcd_goto_XY
                0x00000000080003e2       0x44 ./Core/Src/lcd.o
                0x00000000080003e2                lcd_goto_XY
 *fill*         0x0000000008000426        0x2 
 .text.ledRgb_init
                0x0000000008000428       0x24 ./Core/Src/led_rgb.o
                0x0000000008000428                ledRgb_init
 .text.SetLedState
                0x000000000800044c       0xe8 ./Core/Src/led_rgb.o
                0x000000000800044c                SetLedState
 .text.main     0x0000000008000534       0x58 ./Core/Src/main.o
                0x0000000008000534                main
 .text.SystemClock_Config
                0x000000000800058c       0x86 ./Core/Src/main.o
                0x000000000800058c                SystemClock_Config
 *fill*         0x0000000008000612        0x2 
 .text.MX_I2C1_Init
                0x0000000008000614       0x5c ./Core/Src/main.o
 .text.MX_TIM1_Init
                0x0000000008000670      0x170 ./Core/Src/main.o
 .text.MX_TIM2_Init
                0x00000000080007e0       0x98 ./Core/Src/main.o
 .text.MX_TIM3_Init
                0x0000000008000878       0xf0 ./Core/Src/main.o
 .text.MX_USART1_UART_Init
                0x0000000008000968       0x54 ./Core/Src/main.o
 .text.MX_GPIO_Init
                0x00000000080009bc       0xb0 ./Core/Src/main.o
 .text.HAL_TIM_PeriodElapsedCallback
                0x0000000008000a6c       0x1e ./Core/Src/main.o
                0x0000000008000a6c                HAL_TIM_PeriodElapsedCallback
 .text.Error_Handler
                0x0000000008000a8a        0xa ./Core/Src/main.o
                0x0000000008000a8a                Error_Handler
 .text.SCH_Update
                0x0000000008000a94       0x30 ./Core/Src/scheduler.o
                0x0000000008000a94                SCH_Update
 .text.SCH_Delete_Task
                0x0000000008000ac4       0x34 ./Core/Src/scheduler.o
                0x0000000008000ac4                SCH_Delete_Task
 .text.SCH_Add_Task
                0x0000000008000af8       0xdc ./Core/Src/scheduler.o
                0x0000000008000af8                SCH_Add_Task
 .text.SCH_Dispatch_Tasks
                0x0000000008000bd4       0x6c ./Core/Src/scheduler.o
                0x0000000008000bd4                SCH_Dispatch_Tasks
 .text.signal_correct
                0x0000000008000c40       0x78 ./Core/Src/signal.o
                0x0000000008000c40                signal_correct
 .text.signal_wrong
                0x0000000008000cb8       0x24 ./Core/Src/signal.o
                0x0000000008000cb8                signal_wrong
 .text.signal_reset
                0x0000000008000cdc       0x20 ./Core/Src/signal.o
                0x0000000008000cdc                signal_reset
 .text.signal_waiting
                0x0000000008000cfc       0x34 ./Core/Src/signal.o
                0x0000000008000cfc                signal_waiting
 .text.HAL_MspInit
                0x0000000008000d30       0x64 ./Core/Src/stm32f1xx_hal_msp.o
                0x0000000008000d30                HAL_MspInit
 .text.HAL_I2C_MspInit
                0x0000000008000d94       0xa0 ./Core/Src/stm32f1xx_hal_msp.o
                0x0000000008000d94                HAL_I2C_MspInit
 .text.HAL_TIM_Base_MspInit
                0x0000000008000e34       0x98 ./Core/Src/stm32f1xx_hal_msp.o
                0x0000000008000e34                HAL_TIM_Base_MspInit
 .text.HAL_TIM_MspPostInit
                0x0000000008000ecc       0xd4 ./Core/Src/stm32f1xx_hal_msp.o
                0x0000000008000ecc                HAL_TIM_MspPostInit
 .text.HAL_UART_MspInit
                0x0000000008000fa0       0xc4 ./Core/Src/stm32f1xx_hal_msp.o
                0x0000000008000fa0                HAL_UART_MspInit
 .text.NMI_Handler
                0x0000000008001064        0x6 ./Core/Src/stm32f1xx_it.o
                0x0000000008001064                NMI_Handler
 .text.HardFault_Handler
                0x000000000800106a        0x6 ./Core/Src/stm32f1xx_it.o
                0x000000000800106a                HardFault_Handler
 .text.MemManage_Handler
                0x0000000008001070        0x6 ./Core/Src/stm32f1xx_it.o
                0x0000000008001070                MemManage_Handler
 .text.BusFault_Handler
                0x0000000008001076        0x6 ./Core/Src/stm32f1xx_it.o
                0x0000000008001076                BusFault_Handler
 .text.UsageFault_Handler
                0x000000000800107c        0x6 ./Core/Src/stm32f1xx_it.o
                0x000000000800107c                UsageFault_Handler
 .text.SVC_Handler
                0x0000000008001082        0xc ./Core/Src/stm32f1xx_it.o
                0x0000000008001082                SVC_Handler
 .text.DebugMon_Handler
                0x000000000800108e        0xc ./Core/Src/stm32f1xx_it.o
                0x000000000800108e                DebugMon_Handler
 .text.PendSV_Handler
                0x000000000800109a        0xc ./Core/Src/stm32f1xx_it.o
                0x000000000800109a                PendSV_Handler
 .text.SysTick_Handler
                0x00000000080010a6        0xc ./Core/Src/stm32f1xx_it.o
                0x00000000080010a6                SysTick_Handler
 *fill*         0x00000000080010b2        0x2 
 .text.TIM2_IRQHandler
                0x00000000080010b4       0x14 ./Core/Src/stm32f1xx_it.o
                0x00000000080010b4                TIM2_IRQHandler
 .text.USART1_IRQHandler
                0x00000000080010c8       0x14 ./Core/Src/stm32f1xx_it.o
                0x00000000080010c8                USART1_IRQHandler
 .text._sbrk    0x00000000080010dc       0x6c ./Core/Src/sysmem.o
                0x00000000080010dc                _sbrk
 .text.SystemInit
                0x0000000008001148        0xc ./Core/Src/system_stm32f1xx.o
                0x0000000008001148                SystemInit
 .text.uint8ArrayToInt
                0x0000000008001154       0x3e ./Core/Src/wifi.o
                0x0000000008001154                uint8ArrayToInt
 *fill*         0x0000000008001192        0x2 
 .text.isCardFromESP32
                0x0000000008001194       0x3c ./Core/Src/wifi.o
                0x0000000008001194                isCardFromESP32
 .text.HAL_UART_RxCpltCallback
                0x00000000080011d0       0x3c ./Core/Src/wifi.o
                0x00000000080011d0                HAL_UART_RxCpltCallback
 .text.Reset_Handler
                0x000000000800120c       0x48 ./Core/Startup/startup_stm32f103c8tx.o
                0x000000000800120c                Reset_Handler
 .text.Default_Handler
                0x0000000008001254        0x2 ./Core/Startup/startup_stm32f103c8tx.o
                0x0000000008001254                RTC_Alarm_IRQHandler
                0x0000000008001254                EXTI2_IRQHandler
                0x0000000008001254                TIM1_CC_IRQHandler
                0x0000000008001254                PVD_IRQHandler
                0x0000000008001254                EXTI3_IRQHandler
                0x0000000008001254                EXTI0_IRQHandler
                0x0000000008001254                I2C2_EV_IRQHandler
                0x0000000008001254                ADC1_2_IRQHandler
                0x0000000008001254                SPI1_IRQHandler
                0x0000000008001254                TAMPER_IRQHandler
                0x0000000008001254                DMA1_Channel4_IRQHandler
                0x0000000008001254                USART3_IRQHandler
                0x0000000008001254                RTC_IRQHandler
                0x0000000008001254                DMA1_Channel7_IRQHandler
                0x0000000008001254                CAN1_RX1_IRQHandler
                0x0000000008001254                TIM4_IRQHandler
                0x0000000008001254                I2C1_EV_IRQHandler
                0x0000000008001254                DMA1_Channel6_IRQHandler
                0x0000000008001254                TIM3_IRQHandler
                0x0000000008001254                RCC_IRQHandler
                0x0000000008001254                TIM1_TRG_COM_IRQHandler
                0x0000000008001254                DMA1_Channel1_IRQHandler
                0x0000000008001254                Default_Handler
                0x0000000008001254                EXTI15_10_IRQHandler
                0x0000000008001254                EXTI9_5_IRQHandler
                0x0000000008001254                SPI2_IRQHandler
                0x0000000008001254                DMA1_Channel5_IRQHandler
                0x0000000008001254                EXTI4_IRQHandler
                0x0000000008001254                USB_LP_CAN1_RX0_IRQHandler
                0x0000000008001254                USB_HP_CAN1_TX_IRQHandler
                0x0000000008001254                DMA1_Channel3_IRQHandler
                0x0000000008001254                TIM1_UP_IRQHandler
                0x0000000008001254                WWDG_IRQHandler
                0x0000000008001254                TIM1_BRK_IRQHandler
                0x0000000008001254                EXTI1_IRQHandler
                0x0000000008001254                USART2_IRQHandler
                0x0000000008001254                I2C2_ER_IRQHandler
                0x0000000008001254                DMA1_Channel2_IRQHandler
                0x0000000008001254                CAN1_SCE_IRQHandler
                0x0000000008001254                FLASH_IRQHandler
                0x0000000008001254                I2C1_ER_IRQHandler
                0x0000000008001254                USBWakeUp_IRQHandler
 *fill*         0x0000000008001256        0x2 
 .text.HAL_Init
                0x0000000008001258       0x2c ./Drivers/STM32F1xx_HAL_Driver/Src/stm32f1xx_hal.o
                0x0000000008001258                HAL_Init
 .text.HAL_InitTick
                0x0000000008001284       0x60 ./Drivers/STM32F1xx_HAL_Driver/Src/stm32f1xx_hal.o
                0x0000000008001284                HAL_InitTick
 .text.HAL_IncTick
                0x00000000080012e4       0x24 ./Drivers/STM32F1xx_HAL_Driver/Src/stm32f1xx_hal.o
                0x00000000080012e4                HAL_IncTick
 .text.HAL_GetTick
                0x0000000008001308       0x14 ./Drivers/STM32F1xx_HAL_Driver/Src/stm32f1xx_hal.o
                0x0000000008001308                HAL_GetTick
 .text.HAL_Delay
                0x000000000800131c       0x48 ./Drivers/STM32F1xx_HAL_Driver/Src/stm32f1xx_hal.o
                0x000000000800131c                HAL_Delay
 .text.__NVIC_SetPriorityGrouping
                0x0000000008001364       0x48 ./Drivers/STM32F1xx_HAL_Driver/Src/stm32f1xx_hal_cortex.o
 .text.__NVIC_GetPriorityGrouping
                0x00000000080013ac       0x1c ./Drivers/STM32F1xx_HAL_Driver/Src/stm32f1xx_hal_cortex.o
 .text.__NVIC_EnableIRQ
                0x00000000080013c8       0x38 ./Drivers/STM32F1xx_HAL_Driver/Src/stm32f1xx_hal_cortex.o
 .text.__NVIC_SetPriority
                0x0000000008001400       0x54 ./Drivers/STM32F1xx_HAL_Driver/Src/stm32f1xx_hal_cortex.o
 .text.NVIC_EncodePriority
                0x0000000008001454       0x64 ./Drivers/STM32F1xx_HAL_Driver/Src/stm32f1xx_hal_cortex.o
 .text.SysTick_Config
                0x00000000080014b8       0x44 ./Drivers/STM32F1xx_HAL_Driver/Src/stm32f1xx_hal_cortex.o
 .text.HAL_NVIC_SetPriorityGrouping
                0x00000000080014fc       0x16 ./Drivers/STM32F1xx_HAL_Driver/Src/stm32f1xx_hal_cortex.o
                0x00000000080014fc                HAL_NVIC_SetPriorityGrouping
 .text.HAL_NVIC_SetPriority
                0x0000000008001512       0x38 ./Drivers/STM32F1xx_HAL_Driver/Src/stm32f1xx_hal_cortex.o
                0x0000000008001512                HAL_NVIC_SetPriority
 .text.HAL_NVIC_EnableIRQ
                0x000000000800154a       0x1c ./Drivers/STM32F1xx_HAL_Driver/Src/stm32f1xx_hal_cortex.o
                0x000000000800154a                HAL_NVIC_EnableIRQ
 .text.HAL_SYSTICK_Config
                0x0000000008001566       0x18 ./Drivers/STM32F1xx_HAL_Driver/Src/stm32f1xx_hal_cortex.o
                0x0000000008001566                HAL_SYSTICK_Config
 .text.HAL_DMA_Abort
                0x000000000800157e       0x76 ./Drivers/STM32F1xx_HAL_Driver/Src/stm32f1xx_hal_dma.o
                0x000000000800157e                HAL_DMA_Abort
 .text.HAL_DMA_Abort_IT
                0x00000000080015f4       0xf0 ./Drivers/STM32F1xx_HAL_Driver/Src/stm32f1xx_hal_dma.o
                0x00000000080015f4                HAL_DMA_Abort_IT
 .text.HAL_GPIO_Init
                0x00000000080016e4      0x308 ./Drivers/STM32F1xx_HAL_Driver/Src/stm32f1xx_hal_gpio.o
                0x00000000080016e4                HAL_GPIO_Init
 .text.HAL_GPIO_WritePin
                0x00000000080019ec       0x30 ./Drivers/STM32F1xx_HAL_Driver/Src/stm32f1xx_hal_gpio.o
                0x00000000080019ec                HAL_GPIO_WritePin
 .text.HAL_I2C_Init
                0x0000000008001a1c      0x288 ./Drivers/STM32F1xx_HAL_Driver/Src/stm32f1xx_hal_i2c.o
                0x0000000008001a1c                HAL_I2C_Init
 .text.HAL_I2C_Master_Transmit
                0x0000000008001ca4      0x1fc ./Drivers/STM32F1xx_HAL_Driver/Src/stm32f1xx_hal_i2c.o
                0x0000000008001ca4                HAL_I2C_Master_Transmit
 .text.I2C_MasterRequestWrite
                0x0000000008001ea0      0x104 ./Drivers/STM32F1xx_HAL_Driver/Src/stm32f1xx_hal_i2c.o
 .text.I2C_WaitOnFlagUntilTimeout
                0x0000000008001fa4       0xf4 ./Drivers/STM32F1xx_HAL_Driver/Src/stm32f1xx_hal_i2c.o
 .text.I2C_WaitOnMasterAddressFlagUntilTimeout
                0x0000000008002098      0x140 ./Drivers/STM32F1xx_HAL_Driver/Src/stm32f1xx_hal_i2c.o
 .text.I2C_WaitOnTXEFlagUntilTimeout
                0x00000000080021d8       0x90 ./Drivers/STM32F1xx_HAL_Driver/Src/stm32f1xx_hal_i2c.o
 .text.I2C_WaitOnBTFFlagUntilTimeout
                0x0000000008002268       0x90 ./Drivers/STM32F1xx_HAL_Driver/Src/stm32f1xx_hal_i2c.o
 .text.I2C_IsAcknowledgeFailed
                0x00000000080022f8       0x5c ./Drivers/STM32F1xx_HAL_Driver/Src/stm32f1xx_hal_i2c.o
 .text.HAL_RCC_OscConfig
                0x0000000008002354      0x500 ./Drivers/STM32F1xx_HAL_Driver/Src/stm32f1xx_hal_rcc.o
                0x0000000008002354                HAL_RCC_OscConfig
 .text.HAL_RCC_ClockConfig
                0x0000000008002854      0x1d4 ./Drivers/STM32F1xx_HAL_Driver/Src/stm32f1xx_hal_rcc.o
                0x0000000008002854                HAL_RCC_ClockConfig
 .text.HAL_RCC_GetSysClockFreq
                0x0000000008002a28       0xa8 ./Drivers/STM32F1xx_HAL_Driver/Src/stm32f1xx_hal_rcc.o
                0x0000000008002a28                HAL_RCC_GetSysClockFreq
 .text.HAL_RCC_GetHCLKFreq
                0x0000000008002ad0       0x14 ./Drivers/STM32F1xx_HAL_Driver/Src/stm32f1xx_hal_rcc.o
                0x0000000008002ad0                HAL_RCC_GetHCLKFreq
 .text.HAL_RCC_GetPCLK1Freq
                0x0000000008002ae4       0x28 ./Drivers/STM32F1xx_HAL_Driver/Src/stm32f1xx_hal_rcc.o
                0x0000000008002ae4                HAL_RCC_GetPCLK1Freq
 .text.HAL_RCC_GetPCLK2Freq
                0x0000000008002b0c       0x28 ./Drivers/STM32F1xx_HAL_Driver/Src/stm32f1xx_hal_rcc.o
                0x0000000008002b0c                HAL_RCC_GetPCLK2Freq
 .text.RCC_Delay
                0x0000000008002b34       0x3c ./Drivers/STM32F1xx_HAL_Driver/Src/stm32f1xx_hal_rcc.o
 .text.HAL_TIM_Base_Init
                0x0000000008002b70       0x9e ./Drivers/STM32F1xx_HAL_Driver/Src/stm32f1xx_hal_tim.o
                0x0000000008002b70                HAL_TIM_Base_Init
 *fill*         0x0000000008002c0e        0x2 
 .text.HAL_TIM_Base_Start_IT
                0x0000000008002c10       0xa4 ./Drivers/STM32F1xx_HAL_Driver/Src/stm32f1xx_hal_tim.o
                0x0000000008002c10                HAL_TIM_Base_Start_IT
 .text.HAL_TIM_PWM_Init
                0x0000000008002cb4       0x9e ./Drivers/STM32F1xx_HAL_Driver/Src/stm32f1xx_hal_tim.o
                0x0000000008002cb4                HAL_TIM_PWM_Init
 .text.HAL_TIM_PWM_MspInit
                0x0000000008002d52       0x12 ./Drivers/STM32F1xx_HAL_Driver/Src/stm32f1xx_hal_tim.o
                0x0000000008002d52                HAL_TIM_PWM_MspInit
 .text.HAL_TIM_PWM_Start
                0x0000000008002d64      0x144 ./Drivers/STM32F1xx_HAL_Driver/Src/stm32f1xx_hal_tim.o
                0x0000000008002d64                HAL_TIM_PWM_Start
 .text.HAL_TIM_PWM_Stop
                0x0000000008002ea8       0xc8 ./Drivers/STM32F1xx_HAL_Driver/Src/stm32f1xx_hal_tim.o
                0x0000000008002ea8                HAL_TIM_PWM_Stop
 .text.HAL_TIM_IRQHandler
                0x0000000008002f70      0x1e0 ./Drivers/STM32F1xx_HAL_Driver/Src/stm32f1xx_hal_tim.o
                0x0000000008002f70                HAL_TIM_IRQHandler
 .text.HAL_TIM_PWM_ConfigChannel
                0x0000000008003150      0x184 ./Drivers/STM32F1xx_HAL_Driver/Src/stm32f1xx_hal_tim.o
                0x0000000008003150                HAL_TIM_PWM_ConfigChannel
 .text.HAL_TIM_ConfigClockSource
                0x00000000080032d4      0x18e ./Drivers/STM32F1xx_HAL_Driver/Src/stm32f1xx_hal_tim.o
                0x00000000080032d4                HAL_TIM_ConfigClockSource
 .text.HAL_TIM_OC_DelayElapsedCallback
                0x0000000008003462       0x12 ./Drivers/STM32F1xx_HAL_Driver/Src/stm32f1xx_hal_tim.o
                0x0000000008003462                HAL_TIM_OC_DelayElapsedCallback
 .text.HAL_TIM_IC_CaptureCallback
                0x0000000008003474       0x12 ./Drivers/STM32F1xx_HAL_Driver/Src/stm32f1xx_hal_tim.o
                0x0000000008003474                HAL_TIM_IC_CaptureCallback
 .text.HAL_TIM_PWM_PulseFinishedCallback
                0x0000000008003486       0x12 ./Drivers/STM32F1xx_HAL_Driver/Src/stm32f1xx_hal_tim.o
                0x0000000008003486                HAL_TIM_PWM_PulseFinishedCallback
 .text.HAL_TIM_TriggerCallback
                0x0000000008003498       0x12 ./Drivers/STM32F1xx_HAL_Driver/Src/stm32f1xx_hal_tim.o
                0x0000000008003498                HAL_TIM_TriggerCallback
 *fill*         0x00000000080034aa        0x2 
 .text.TIM_Base_SetConfig
                0x00000000080034ac       0xdc ./Drivers/STM32F1xx_HAL_Driver/Src/stm32f1xx_hal_tim.o
                0x00000000080034ac                TIM_Base_SetConfig
 .text.TIM_OC1_SetConfig
                0x0000000008003588       0xcc ./Drivers/STM32F1xx_HAL_Driver/Src/stm32f1xx_hal_tim.o
 .text.TIM_OC2_SetConfig
                0x0000000008003654       0xd4 ./Drivers/STM32F1xx_HAL_Driver/Src/stm32f1xx_hal_tim.o
                0x0000000008003654                TIM_OC2_SetConfig
 .text.TIM_OC3_SetConfig
                0x0000000008003728       0xd4 ./Drivers/STM32F1xx_HAL_Driver/Src/stm32f1xx_hal_tim.o
 .text.TIM_OC4_SetConfig
                0x00000000080037fc       0x9c ./Drivers/STM32F1xx_HAL_Driver/Src/stm32f1xx_hal_tim.o
 .text.TIM_TI1_ConfigInputStage
                0x0000000008003898       0x5c ./Drivers/STM32F1xx_HAL_Driver/Src/stm32f1xx_hal_tim.o
 .text.TIM_TI2_ConfigInputStage
                0x00000000080038f4       0x5e ./Drivers/STM32F1xx_HAL_Driver/Src/stm32f1xx_hal_tim.o
 .text.TIM_ITRx_SetConfig
                0x0000000008003952       0x34 ./Drivers/STM32F1xx_HAL_Driver/Src/stm32f1xx_hal_tim.o
 .text.TIM_ETR_SetConfig
                0x0000000008003986       0x3e ./Drivers/STM32F1xx_HAL_Driver/Src/stm32f1xx_hal_tim.o
                0x0000000008003986                TIM_ETR_SetConfig
 .text.TIM_CCxChannelCmd
                0x00000000080039c4       0x48 ./Drivers/STM32F1xx_HAL_Driver/Src/stm32f1xx_hal_tim.o
                0x00000000080039c4                TIM_CCxChannelCmd
 .text.HAL_TIMEx_MasterConfigSynchronization
                0x0000000008003a0c       0xbc ./Drivers/STM32F1xx_HAL_Driver/Src/stm32f1xx_hal_tim_ex.o
                0x0000000008003a0c                HAL_TIMEx_MasterConfigSynchronization
 .text.HAL_TIMEx_ConfigBreakDeadTime
                0x0000000008003ac8       0xa2 ./Drivers/STM32F1xx_HAL_Driver/Src/stm32f1xx_hal_tim_ex.o
                0x0000000008003ac8                HAL_TIMEx_ConfigBreakDeadTime
 .text.HAL_TIMEx_CommutCallback
                0x0000000008003b6a       0x12 ./Drivers/STM32F1xx_HAL_Driver/Src/stm32f1xx_hal_tim_ex.o
                0x0000000008003b6a                HAL_TIMEx_CommutCallback
 .text.HAL_TIMEx_BreakCallback
                0x0000000008003b7c       0x12 ./Drivers/STM32F1xx_HAL_Driver/Src/stm32f1xx_hal_tim_ex.o
                0x0000000008003b7c                HAL_TIMEx_BreakCallback
 .text.HAL_UART_Init
                0x0000000008003b8e       0xa0 ./Drivers/STM32F1xx_HAL_Driver/Src/stm32f1xx_hal_uart.o
                0x0000000008003b8e                HAL_UART_Init
 .text.HAL_UART_Receive_IT
                0x0000000008003c2e       0x4a ./Drivers/STM32F1xx_HAL_Driver/Src/stm32f1xx_hal_uart.o
                0x0000000008003c2e                HAL_UART_Receive_IT
 .text.HAL_UART_IRQHandler
                0x0000000008003c78      0x524 ./Drivers/STM32F1xx_HAL_Driver/Src/stm32f1xx_hal_uart.o
                0x0000000008003c78                HAL_UART_IRQHandler
 .text.HAL_UART_TxCpltCallback
                0x000000000800419c       0x12 ./Drivers/STM32F1xx_HAL_Driver/Src/stm32f1xx_hal_uart.o
                0x000000000800419c                HAL_UART_TxCpltCallback
 .text.HAL_UART_ErrorCallback
                0x00000000080041ae       0x12 ./Drivers/STM32F1xx_HAL_Driver/Src/stm32f1xx_hal_uart.o
                0x00000000080041ae                HAL_UART_ErrorCallback
 .text.HAL_UARTEx_RxEventCallback
                0x00000000080041c0       0x16 ./Drivers/STM32F1xx_HAL_Driver/Src/stm32f1xx_hal_uart.o
                0x00000000080041c0                HAL_UARTEx_RxEventCallback
 .text.UART_Start_Receive_IT
                0x00000000080041d6       0x72 ./Drivers/STM32F1xx_HAL_Driver/Src/stm32f1xx_hal_uart.o
                0x00000000080041d6                UART_Start_Receive_IT
 .text.UART_EndRxTransfer
                0x0000000008004248       0xc4 ./Drivers/STM32F1xx_HAL_Driver/Src/stm32f1xx_hal_uart.o
 .text.UART_DMAAbortOnError
                0x000000000800430c       0x28 ./Drivers/STM32F1xx_HAL_Driver/Src/stm32f1xx_hal_uart.o
 .text.UART_Transmit_IT
                0x0000000008004334       0x9e ./Drivers/STM32F1xx_HAL_Driver/Src/stm32f1xx_hal_uart.o
 .text.UART_EndTransmit_IT
                0x00000000080043d2       0x30 ./Drivers/STM32F1xx_HAL_Driver/Src/stm32f1xx_hal_uart.o
 .text.UART_Receive_IT
                0x0000000008004402      0x17c ./Drivers/STM32F1xx_HAL_Driver/Src/stm32f1xx_hal_uart.o
 *fill*         0x000000000800457e        0x2 
 .text.UART_SetConfig
                0x0000000008004580      0x11c ./Drivers/STM32F1xx_HAL_Driver/Src/stm32f1xx_hal_uart.o
 .text.__errno  0x000000000800469c        0xc c:/st/stm32cubeide_1.7.0/stm32cubeide/plugins/com.st.stm32cube.ide.mcu.externaltools.gnu-tools-for-stm32.9-2020-q2-update.win32_2.0.0.202105311346/tools/bin/../lib/gcc/arm-none-eabi/9.3.1/../../../../arm-none-eabi/lib/thumb/v7-m/nofp\libc_nano.a(lib_a-errno.o)
                0x000000000800469c                __errno
 .text.__libc_init_array
                0x00000000080046a8       0x48 c:/st/stm32cubeide_1.7.0/stm32cubeide/plugins/com.st.stm32cube.ide.mcu.externaltools.gnu-tools-for-stm32.9-2020-q2-update.win32_2.0.0.202105311346/tools/bin/../lib/gcc/arm-none-eabi/9.3.1/../../../../arm-none-eabi/lib/thumb/v7-m/nofp\libc_nano.a(lib_a-init.o)
                0x00000000080046a8                __libc_init_array
 .text.malloc   0x00000000080046f0       0x10 c:/st/stm32cubeide_1.7.0/stm32cubeide/plugins/com.st.stm32cube.ide.mcu.externaltools.gnu-tools-for-stm32.9-2020-q2-update.win32_2.0.0.202105311346/tools/bin/../lib/gcc/arm-none-eabi/9.3.1/../../../../arm-none-eabi/lib/thumb/v7-m/nofp\libc_nano.a(lib_a-malloc.o)
                0x00000000080046f0                malloc
 .text.free     0x0000000008004700       0x10 c:/st/stm32cubeide_1.7.0/stm32cubeide/plugins/com.st.stm32cube.ide.mcu.externaltools.gnu-tools-for-stm32.9-2020-q2-update.win32_2.0.0.202105311346/tools/bin/../lib/gcc/arm-none-eabi/9.3.1/../../../../arm-none-eabi/lib/thumb/v7-m/nofp\libc_nano.a(lib_a-malloc.o)
                0x0000000008004700                free
 .text.memset   0x0000000008004710       0x10 c:/st/stm32cubeide_1.7.0/stm32cubeide/plugins/com.st.stm32cube.ide.mcu.externaltools.gnu-tools-for-stm32.9-2020-q2-update.win32_2.0.0.202105311346/tools/bin/../lib/gcc/arm-none-eabi/9.3.1/../../../../arm-none-eabi/lib/thumb/v7-m/nofp\libc_nano.a(lib_a-memset.o)
                0x0000000008004710                memset
 .text._free_r  0x0000000008004720       0x98 c:/st/stm32cubeide_1.7.0/stm32cubeide/plugins/com.st.stm32cube.ide.mcu.externaltools.gnu-tools-for-stm32.9-2020-q2-update.win32_2.0.0.202105311346/tools/bin/../lib/gcc/arm-none-eabi/9.3.1/../../../../arm-none-eabi/lib/thumb/v7-m/nofp\libc_nano.a(lib_a-nano-freer.o)
                0x0000000008004720                _free_r
 .text._malloc_r
                0x00000000080047b8       0xb4 c:/st/stm32cubeide_1.7.0/stm32cubeide/plugins/com.st.stm32cube.ide.mcu.externaltools.gnu-tools-for-stm32.9-2020-q2-update.win32_2.0.0.202105311346/tools/bin/../lib/gcc/arm-none-eabi/9.3.1/../../../../arm-none-eabi/lib/thumb/v7-m/nofp\libc_nano.a(lib_a-nano-mallocr.o)
                0x00000000080047b8                _malloc_r
 .text._sbrk_r  0x000000000800486c       0x20 c:/st/stm32cubeide_1.7.0/stm32cubeide/plugins/com.st.stm32cube.ide.mcu.externaltools.gnu-tools-for-stm32.9-2020-q2-update.win32_2.0.0.202105311346/tools/bin/../lib/gcc/arm-none-eabi/9.3.1/../../../../arm-none-eabi/lib/thumb/v7-m/nofp\libc_nano.a(lib_a-sbrkr.o)
                0x000000000800486c                _sbrk_r
 .text.__malloc_lock
                0x000000000800488c        0xc c:/st/stm32cubeide_1.7.0/stm32cubeide/plugins/com.st.stm32cube.ide.mcu.externaltools.gnu-tools-for-stm32.9-2020-q2-update.win32_2.0.0.202105311346/tools/bin/../lib/gcc/arm-none-eabi/9.3.1/../../../../arm-none-eabi/lib/thumb/v7-m/nofp\libc_nano.a(lib_a-mlock.o)
                0x000000000800488c                __malloc_lock
 .text.__malloc_unlock
                0x0000000008004898        0xc c:/st/stm32cubeide_1.7.0/stm32cubeide/plugins/com.st.stm32cube.ide.mcu.externaltools.gnu-tools-for-stm32.9-2020-q2-update.win32_2.0.0.202105311346/tools/bin/../lib/gcc/arm-none-eabi/9.3.1/../../../../arm-none-eabi/lib/thumb/v7-m/nofp\libc_nano.a(lib_a-mlock.o)
                0x0000000008004898                __malloc_unlock
 .text.__retarget_lock_acquire_recursive
                0x00000000080048a4        0x2 c:/st/stm32cubeide_1.7.0/stm32cubeide/plugins/com.st.stm32cube.ide.mcu.externaltools.gnu-tools-for-stm32.9-2020-q2-update.win32_2.0.0.202105311346/tools/bin/../lib/gcc/arm-none-eabi/9.3.1/../../../../arm-none-eabi/lib/thumb/v7-m/nofp\libc_nano.a(lib_a-lock.o)
                0x00000000080048a4                __retarget_lock_acquire_recursive
 .text.__retarget_lock_release_recursive
                0x00000000080048a6        0x2 c:/st/stm32cubeide_1.7.0/stm32cubeide/plugins/com.st.stm32cube.ide.mcu.externaltools.gnu-tools-for-stm32.9-2020-q2-update.win32_2.0.0.202105311346/tools/bin/../lib/gcc/arm-none-eabi/9.3.1/../../../../arm-none-eabi/lib/thumb/v7-m/nofp\libc_nano.a(lib_a-lock.o)
                0x00000000080048a6                __retarget_lock_release_recursive
 *(.glue_7)
 .glue_7        0x00000000080048a8        0x0 linker stubs
 *(.glue_7t)
 .glue_7t       0x00000000080048a8        0x0 linker stubs
 *(.eh_frame)
 .eh_frame      0x00000000080048a8        0x0 c:/st/stm32cubeide_1.7.0/stm32cubeide/plugins/com.st.stm32cube.ide.mcu.externaltools.gnu-tools-for-stm32.9-2020-q2-update.win32_2.0.0.202105311346/tools/bin/../lib/gcc/arm-none-eabi/9.3.1/thumb/v7-m/nofp/crtbegin.o
 *(.init)
 .init          0x00000000080048a8        0x4 c:/st/stm32cubeide_1.7.0/stm32cubeide/plugins/com.st.stm32cube.ide.mcu.externaltools.gnu-tools-for-stm32.9-2020-q2-update.win32_2.0.0.202105311346/tools/bin/../lib/gcc/arm-none-eabi/9.3.1/thumb/v7-m/nofp/crti.o
                0x00000000080048a8                _init
 .init          0x00000000080048ac        0x8 c:/st/stm32cubeide_1.7.0/stm32cubeide/plugins/com.st.stm32cube.ide.mcu.externaltools.gnu-tools-for-stm32.9-2020-q2-update.win32_2.0.0.202105311346/tools/bin/../lib/gcc/arm-none-eabi/9.3.1/thumb/v7-m/nofp/crtn.o
 *(.fini)
 .fini          0x00000000080048b4        0x4 c:/st/stm32cubeide_1.7.0/stm32cubeide/plugins/com.st.stm32cube.ide.mcu.externaltools.gnu-tools-for-stm32.9-2020-q2-update.win32_2.0.0.202105311346/tools/bin/../lib/gcc/arm-none-eabi/9.3.1/thumb/v7-m/nofp/crti.o
                0x00000000080048b4                _fini
 .fini          0x00000000080048b8        0x8 c:/st/stm32cubeide_1.7.0/stm32cubeide/plugins/com.st.stm32cube.ide.mcu.externaltools.gnu-tools-for-stm32.9-2020-q2-update.win32_2.0.0.202105311346/tools/bin/../lib/gcc/arm-none-eabi/9.3.1/thumb/v7-m/nofp/crtn.o
                0x00000000080048c0                . = ALIGN (0x4)
                0x00000000080048c0                _etext = .

.vfp11_veneer   0x00000000080048c0        0x0
 .vfp11_veneer  0x00000000080048c0        0x0 linker stubs

.v4_bx          0x00000000080048c0        0x0
 .v4_bx         0x00000000080048c0        0x0 linker stubs

.iplt           0x00000000080048c0        0x0
 .iplt          0x00000000080048c0        0x0 c:/st/stm32cubeide_1.7.0/stm32cubeide/plugins/com.st.stm32cube.ide.mcu.externaltools.gnu-tools-for-stm32.9-2020-q2-update.win32_2.0.0.202105311346/tools/bin/../lib/gcc/arm-none-eabi/9.3.1/thumb/v7-m/nofp/crtbegin.o

.rodata         0x00000000080048c0       0x7c
                0x00000000080048c0                . = ALIGN (0x4)
 *(.rodata)
 .rodata        0x00000000080048c0       0x16 ./Core/Src/global.o
 *fill*         0x00000000080048d6        0x2 
 .rodata        0x00000000080048d8       0x35 ./Core/Src/signal.o
 *(.rodata*)
 *fill*         0x000000000800490d        0x3 
 .rodata.AHBPrescTable
                0x0000000008004910       0x10 ./Core/Src/system_stm32f1xx.o
                0x0000000008004910                AHBPrescTable
 .rodata.APBPrescTable
                0x0000000008004920        0x8 ./Core/Src/system_stm32f1xx.o
                0x0000000008004920                APBPrescTable
 .rodata.aPLLMULFactorTable.6442
                0x0000000008004928       0x10 ./Drivers/STM32F1xx_HAL_Driver/Src/stm32f1xx_hal_rcc.o
 .rodata.aPredivFactorTable.6443
                0x0000000008004938        0x2 ./Drivers/STM32F1xx_HAL_Driver/Src/stm32f1xx_hal_rcc.o
                0x000000000800493c                . = ALIGN (0x4)
 *fill*         0x000000000800493a        0x2 

.rel.dyn        0x000000000800493c        0x0
 .rel.iplt      0x000000000800493c        0x0 c:/st/stm32cubeide_1.7.0/stm32cubeide/plugins/com.st.stm32cube.ide.mcu.externaltools.gnu-tools-for-stm32.9-2020-q2-update.win32_2.0.0.202105311346/tools/bin/../lib/gcc/arm-none-eabi/9.3.1/thumb/v7-m/nofp/crtbegin.o

.ARM.extab      0x000000000800493c        0x0
                0x000000000800493c                . = ALIGN (0x4)
 *(.ARM.extab* .gnu.linkonce.armextab.*)
                0x000000000800493c                . = ALIGN (0x4)

.ARM            0x000000000800493c        0x0
                0x000000000800493c                . = ALIGN (0x4)
                0x000000000800493c                __exidx_start = .
 *(.ARM.exidx*)
                0x000000000800493c                __exidx_end = .
                0x000000000800493c                . = ALIGN (0x4)

.preinit_array  0x000000000800493c        0x0
                0x000000000800493c                . = ALIGN (0x4)
                0x000000000800493c                PROVIDE (__preinit_array_start = .)
 *(.preinit_array*)
                0x000000000800493c                PROVIDE (__preinit_array_end = .)
                0x000000000800493c                . = ALIGN (0x4)

.init_array     0x000000000800493c        0x4
                0x000000000800493c                . = ALIGN (0x4)
                0x000000000800493c                PROVIDE (__init_array_start = .)
 *(SORT_BY_NAME(.init_array.*))
 *(.init_array*)
 .init_array    0x000000000800493c        0x4 c:/st/stm32cubeide_1.7.0/stm32cubeide/plugins/com.st.stm32cube.ide.mcu.externaltools.gnu-tools-for-stm32.9-2020-q2-update.win32_2.0.0.202105311346/tools/bin/../lib/gcc/arm-none-eabi/9.3.1/thumb/v7-m/nofp/crtbegin.o
                0x0000000008004940                PROVIDE (__init_array_end = .)
                0x0000000008004940                . = ALIGN (0x4)

.fini_array     0x0000000008004940        0x4
                0x0000000008004940                . = ALIGN (0x4)
                [!provide]                        PROVIDE (__fini_array_start = .)
 *(SORT_BY_NAME(.fini_array.*))
 *(.fini_array*)
 .fini_array    0x0000000008004940        0x4 c:/st/stm32cubeide_1.7.0/stm32cubeide/plugins/com.st.stm32cube.ide.mcu.externaltools.gnu-tools-for-stm32.9-2020-q2-update.win32_2.0.0.202105311346/tools/bin/../lib/gcc/arm-none-eabi/9.3.1/thumb/v7-m/nofp/crtbegin.o
                [!provide]                        PROVIDE (__fini_array_end = .)
                0x0000000008004944                . = ALIGN (0x4)
                0x0000000008004944                _sidata = LOADADDR (.data)

.data           0x0000000020000000       0x84 load address 0x0000000008004944
                0x0000000020000000                . = ALIGN (0x4)
                0x0000000020000000                _sdata = .
 *(.data)
 *(.data*)
 .data.memberName
                0x0000000020000000        0xc ./Core/Src/global.o
                0x0000000020000000                memberName
 .data.userID   0x000000002000000c        0x4 ./Core/Src/global.o
                0x000000002000000c                userID
 .data.status   0x0000000020000010        0x4 ./Core/Src/global.o
                0x0000000020000010                status
 .data.SystemCoreClock
                0x0000000020000014        0x4 ./Core/Src/system_stm32f1xx.o
                0x0000000020000014                SystemCoreClock
 .data.uwTickPrio
                0x0000000020000018        0x4 ./Drivers/STM32F1xx_HAL_Driver/Src/stm32f1xx_hal.o
                0x0000000020000018                uwTickPrio
 .data.uwTickFreq
                0x000000002000001c        0x1 ./Drivers/STM32F1xx_HAL_Driver/Src/stm32f1xx_hal.o
                0x000000002000001c                uwTickFreq
 *fill*         0x000000002000001d        0x3 
 .data._impure_ptr
                0x0000000020000020        0x4 c:/st/stm32cubeide_1.7.0/stm32cubeide/plugins/com.st.stm32cube.ide.mcu.externaltools.gnu-tools-for-stm32.9-2020-q2-update.win32_2.0.0.202105311346/tools/bin/../lib/gcc/arm-none-eabi/9.3.1/../../../../arm-none-eabi/lib/thumb/v7-m/nofp\libc_nano.a(lib_a-impure.o)
                0x0000000020000020                _impure_ptr
 .data.impure_data
                0x0000000020000024       0x60 c:/st/stm32cubeide_1.7.0/stm32cubeide/plugins/com.st.stm32cube.ide.mcu.externaltools.gnu-tools-for-stm32.9-2020-q2-update.win32_2.0.0.202105311346/tools/bin/../lib/gcc/arm-none-eabi/9.3.1/../../../../arm-none-eabi/lib/thumb/v7-m/nofp\libc_nano.a(lib_a-impure.o)
 *(.RamFunc)
 *(.RamFunc*)
                0x0000000020000084                . = ALIGN (0x4)
                0x0000000020000084                _edata = .

.igot.plt       0x0000000020000084        0x0 load address 0x00000000080049c8
 .igot.plt      0x0000000020000084        0x0 c:/st/stm32cubeide_1.7.0/stm32cubeide/plugins/com.st.stm32cube.ide.mcu.externaltools.gnu-tools-for-stm32.9-2020-q2-update.win32_2.0.0.202105311346/tools/bin/../lib/gcc/arm-none-eabi/9.3.1/thumb/v7-m/nofp/crtbegin.o
                0x0000000020000084                . = ALIGN (0x4)

.bss            0x0000000020000084      0x1c0 load address 0x00000000080049c8
                0x0000000020000084                _sbss = .
                0x0000000020000084                __bss_start__ = _sbss
 *(.bss)
 .bss           0x0000000020000084       0x1c c:/st/stm32cubeide_1.7.0/stm32cubeide/plugins/com.st.stm32cube.ide.mcu.externaltools.gnu-tools-for-stm32.9-2020-q2-update.win32_2.0.0.202105311346/tools/bin/../lib/gcc/arm-none-eabi/9.3.1/thumb/v7-m/nofp/crtbegin.o
 *(.bss*)
 .bss.cardFlag  0x00000000200000a0        0x4 ./Core/Src/global.o
                0x00000000200000a0                cardFlag
 .bss.SCH_LL    0x00000000200000a4        0x4 ./Core/Src/scheduler.o
                0x00000000200000a4                SCH_LL
 .bss.__sbrk_heap_end
                0x00000000200000a8        0x4 ./Core/Src/sysmem.o
 .bss.__malloc_free_list
                0x00000000200000ac        0x4 c:/st/stm32cubeide_1.7.0/stm32cubeide/plugins/com.st.stm32cube.ide.mcu.externaltools.gnu-tools-for-stm32.9-2020-q2-update.win32_2.0.0.202105311346/tools/bin/../lib/gcc/arm-none-eabi/9.3.1/../../../../arm-none-eabi/lib/thumb/v7-m/nofp\libc_nano.a(lib_a-nano-mallocr.o)
                0x00000000200000ac                __malloc_free_list
 .bss.__malloc_sbrk_start
                0x00000000200000b0        0x4 c:/st/stm32cubeide_1.7.0/stm32cubeide/plugins/com.st.stm32cube.ide.mcu.externaltools.gnu-tools-for-stm32.9-2020-q2-update.win32_2.0.0.202105311346/tools/bin/../lib/gcc/arm-none-eabi/9.3.1/../../../../arm-none-eabi/lib/thumb/v7-m/nofp\libc_nano.a(lib_a-nano-mallocr.o)
                0x00000000200000b0                __malloc_sbrk_start
 *(COMMON)
 COMMON         0x00000000200000b4       0x48 ./Core/Src/buzzer.o
                0x00000000200000b4                htim3
 COMMON         0x00000000200000fc        0x5 ./Core/Src/global.o
                0x00000000200000fc                timerReset
                0x0000000020000100                Rx_data
 *fill*         0x0000000020000101        0x3 
 COMMON         0x0000000020000104      0x12c ./Core/Src/main.o
                0x0000000020000104                hi2c1
                0x0000000020000158                huart1
                0x00000000200001a0                htim1
                0x00000000200001e8                htim2
 COMMON         0x0000000020000230        0x4 ./Drivers/STM32F1xx_HAL_Driver/Src/stm32f1xx_hal.o
                0x0000000020000230                uwTick
 COMMON         0x0000000020000234        0x4 c:/st/stm32cubeide_1.7.0/stm32cubeide/plugins/com.st.stm32cube.ide.mcu.externaltools.gnu-tools-for-stm32.9-2020-q2-update.win32_2.0.0.202105311346/tools/bin/../lib/gcc/arm-none-eabi/9.3.1/../../../../arm-none-eabi/lib/thumb/v7-m/nofp\libc_nano.a(lib_a-reent.o)
                0x0000000020000234                errno
 COMMON         0x0000000020000238        0x9 c:/st/stm32cubeide_1.7.0/stm32cubeide/plugins/com.st.stm32cube.ide.mcu.externaltools.gnu-tools-for-stm32.9-2020-q2-update.win32_2.0.0.202105311346/tools/bin/../lib/gcc/arm-none-eabi/9.3.1/../../../../arm-none-eabi/lib/thumb/v7-m/nofp\libc_nano.a(lib_a-lock.o)
                0x0000000020000238                __lock___atexit_recursive_mutex
                0x0000000020000239                __lock___arc4random_mutex
                0x000000002000023a                __lock___env_recursive_mutex
                0x000000002000023b                __lock___sinit_recursive_mutex
                0x000000002000023c                __lock___malloc_recursive_mutex
                0x000000002000023d                __lock___at_quick_exit_mutex
                0x000000002000023e                __lock___dd_hash_mutex
                0x000000002000023f                __lock___tz_mutex
                0x0000000020000240                __lock___sfp_recursive_mutex
                0x0000000020000244                . = ALIGN (0x4)
 *fill*         0x0000000020000241        0x3 
                0x0000000020000244                _ebss = .
                0x0000000020000244                __bss_end__ = _ebss

._user_heap_stack
                0x0000000020000244      0x604 load address 0x00000000080049c8
                0x0000000020000248                . = ALIGN (0x8)
 *fill*         0x0000000020000244        0x4 
                [!provide]                        PROVIDE (end = .)
                0x0000000020000248                PROVIDE (_end = .)
                0x0000000020000448                . = (. + _Min_Heap_Size)
 *fill*         0x0000000020000248      0x200 
                0x0000000020000848                . = (. + _Min_Stack_Size)
 *fill*         0x0000000020000448      0x400 
                0x0000000020000848                . = ALIGN (0x8)

/DISCARD/
 libc.a(*)
 libm.a(*)
 libgcc.a(*)

.ARM.attributes
                0x0000000000000000       0x29
 *(.ARM.attributes)
 .ARM.attributes
                0x0000000000000000       0x1d c:/st/stm32cubeide_1.7.0/stm32cubeide/plugins/com.st.stm32cube.ide.mcu.externaltools.gnu-tools-for-stm32.9-2020-q2-update.win32_2.0.0.202105311346/tools/bin/../lib/gcc/arm-none-eabi/9.3.1/thumb/v7-m/nofp/crti.o
 .ARM.attributes
                0x000000000000001d       0x2d c:/st/stm32cubeide_1.7.0/stm32cubeide/plugins/com.st.stm32cube.ide.mcu.externaltools.gnu-tools-for-stm32.9-2020-q2-update.win32_2.0.0.202105311346/tools/bin/../lib/gcc/arm-none-eabi/9.3.1/thumb/v7-m/nofp/crtbegin.o
 .ARM.attributes
                0x000000000000004a       0x2d ./Core/Src/buzzer.o
 .ARM.attributes
                0x0000000000000077       0x2d ./Core/Src/fsm.o
 .ARM.attributes
                0x00000000000000a4       0x33 ./Core/Src/global.o
 .ARM.attributes
                0x00000000000000d7       0x2d ./Core/Src/lcd.o
 .ARM.attributes
                0x0000000000000104       0x2d ./Core/Src/led_rgb.o
 .ARM.attributes
                0x0000000000000131       0x2d ./Core/Src/main.o
 .ARM.attributes
                0x000000000000015e       0x2d ./Core/Src/scheduler.o
 .ARM.attributes
                0x000000000000018b       0x2d ./Core/Src/signal.o
 .ARM.attributes
                0x00000000000001b8       0x2d ./Core/Src/stm32f1xx_hal_msp.o
 .ARM.attributes
                0x00000000000001e5       0x2d ./Core/Src/stm32f1xx_it.o
 .ARM.attributes
                0x0000000000000212       0x2d ./Core/Src/sysmem.o
 .ARM.attributes
                0x000000000000023f       0x2d ./Core/Src/system_stm32f1xx.o
 .ARM.attributes
                0x000000000000026c       0x2d ./Core/Src/wifi.o
 .ARM.attributes
                0x0000000000000299       0x21 ./Core/Startup/startup_stm32f103c8tx.o
 .ARM.attributes
                0x00000000000002ba       0x2d ./Drivers/STM32F1xx_HAL_Driver/Src/stm32f1xx_hal.o
 .ARM.attributes
                0x00000000000002e7       0x2d ./Drivers/STM32F1xx_HAL_Driver/Src/stm32f1xx_hal_cortex.o
 .ARM.attributes
                0x0000000000000314       0x2d ./Drivers/STM32F1xx_HAL_Driver/Src/stm32f1xx_hal_dma.o
 .ARM.attributes
                0x0000000000000341       0x2d ./Drivers/STM32F1xx_HAL_Driver/Src/stm32f1xx_hal_gpio.o
 .ARM.attributes
                0x000000000000036e       0x2d ./Drivers/STM32F1xx_HAL_Driver/Src/stm32f1xx_hal_i2c.o
 .ARM.attributes
                0x000000000000039b       0x2d ./Drivers/STM32F1xx_HAL_Driver/Src/stm32f1xx_hal_rcc.o
 .ARM.attributes
                0x00000000000003c8       0x2d ./Drivers/STM32F1xx_HAL_Driver/Src/stm32f1xx_hal_tim.o
 .ARM.attributes
                0x00000000000003f5       0x2d ./Drivers/STM32F1xx_HAL_Driver/Src/stm32f1xx_hal_tim_ex.o
 .ARM.attributes
                0x0000000000000422       0x2d ./Drivers/STM32F1xx_HAL_Driver/Src/stm32f1xx_hal_uart.o
 .ARM.attributes
                0x000000000000044f       0x2d c:/st/stm32cubeide_1.7.0/stm32cubeide/plugins/com.st.stm32cube.ide.mcu.externaltools.gnu-tools-for-stm32.9-2020-q2-update.win32_2.0.0.202105311346/tools/bin/../lib/gcc/arm-none-eabi/9.3.1/../../../../arm-none-eabi/lib/thumb/v7-m/nofp\libc_nano.a(lib_a-errno.o)
 .ARM.attributes
                0x000000000000047c       0x2d c:/st/stm32cubeide_1.7.0/stm32cubeide/plugins/com.st.stm32cube.ide.mcu.externaltools.gnu-tools-for-stm32.9-2020-q2-update.win32_2.0.0.202105311346/tools/bin/../lib/gcc/arm-none-eabi/9.3.1/../../../../arm-none-eabi/lib/thumb/v7-m/nofp\libc_nano.a(lib_a-impure.o)
 .ARM.attributes
                0x00000000000004a9       0x2d c:/st/stm32cubeide_1.7.0/stm32cubeide/plugins/com.st.stm32cube.ide.mcu.externaltools.gnu-tools-for-stm32.9-2020-q2-update.win32_2.0.0.202105311346/tools/bin/../lib/gcc/arm-none-eabi/9.3.1/../../../../arm-none-eabi/lib/thumb/v7-m/nofp\libc_nano.a(lib_a-init.o)
 .ARM.attributes
                0x00000000000004d6       0x2d c:/st/stm32cubeide_1.7.0/stm32cubeide/plugins/com.st.stm32cube.ide.mcu.externaltools.gnu-tools-for-stm32.9-2020-q2-update.win32_2.0.0.202105311346/tools/bin/../lib/gcc/arm-none-eabi/9.3.1/../../../../arm-none-eabi/lib/thumb/v7-m/nofp\libc_nano.a(lib_a-malloc.o)
 .ARM.attributes
                0x0000000000000503       0x2d c:/st/stm32cubeide_1.7.0/stm32cubeide/plugins/com.st.stm32cube.ide.mcu.externaltools.gnu-tools-for-stm32.9-2020-q2-update.win32_2.0.0.202105311346/tools/bin/../lib/gcc/arm-none-eabi/9.3.1/../../../../arm-none-eabi/lib/thumb/v7-m/nofp\libc_nano.a(lib_a-memset.o)
 .ARM.attributes
                0x0000000000000530       0x2d c:/st/stm32cubeide_1.7.0/stm32cubeide/plugins/com.st.stm32cube.ide.mcu.externaltools.gnu-tools-for-stm32.9-2020-q2-update.win32_2.0.0.202105311346/tools/bin/../lib/gcc/arm-none-eabi/9.3.1/../../../../arm-none-eabi/lib/thumb/v7-m/nofp\libc_nano.a(lib_a-nano-freer.o)
 .ARM.attributes
                0x000000000000055d       0x2d c:/st/stm32cubeide_1.7.0/stm32cubeide/plugins/com.st.stm32cube.ide.mcu.externaltools.gnu-tools-for-stm32.9-2020-q2-update.win32_2.0.0.202105311346/tools/bin/../lib/gcc/arm-none-eabi/9.3.1/../../../../arm-none-eabi/lib/thumb/v7-m/nofp\libc_nano.a(lib_a-nano-mallocr.o)
 .ARM.attributes
                0x000000000000058a       0x2d c:/st/stm32cubeide_1.7.0/stm32cubeide/plugins/com.st.stm32cube.ide.mcu.externaltools.gnu-tools-for-stm32.9-2020-q2-update.win32_2.0.0.202105311346/tools/bin/../lib/gcc/arm-none-eabi/9.3.1/../../../../arm-none-eabi/lib/thumb/v7-m/nofp\libc_nano.a(lib_a-sbrkr.o)
 .ARM.attributes
                0x00000000000005b7       0x17 c:/st/stm32cubeide_1.7.0/stm32cubeide/plugins/com.st.stm32cube.ide.mcu.externaltools.gnu-tools-for-stm32.9-2020-q2-update.win32_2.0.0.202105311346/tools/bin/../lib/gcc/arm-none-eabi/9.3.1/../../../../arm-none-eabi/lib/thumb/v7-m/nofp\libc_nano.a(lib_a-strlen.o)
 .ARM.attributes
                0x00000000000005ce       0x2d c:/st/stm32cubeide_1.7.0/stm32cubeide/plugins/com.st.stm32cube.ide.mcu.externaltools.gnu-tools-for-stm32.9-2020-q2-update.win32_2.0.0.202105311346/tools/bin/../lib/gcc/arm-none-eabi/9.3.1/../../../../arm-none-eabi/lib/thumb/v7-m/nofp\libc_nano.a(lib_a-mlock.o)
 .ARM.attributes
                0x00000000000005fb       0x2d c:/st/stm32cubeide_1.7.0/stm32cubeide/plugins/com.st.stm32cube.ide.mcu.externaltools.gnu-tools-for-stm32.9-2020-q2-update.win32_2.0.0.202105311346/tools/bin/../lib/gcc/arm-none-eabi/9.3.1/../../../../arm-none-eabi/lib/thumb/v7-m/nofp\libc_nano.a(lib_a-reent.o)
 .ARM.attributes
                0x0000000000000628       0x2d c:/st/stm32cubeide_1.7.0/stm32cubeide/plugins/com.st.stm32cube.ide.mcu.externaltools.gnu-tools-for-stm32.9-2020-q2-update.win32_2.0.0.202105311346/tools/bin/../lib/gcc/arm-none-eabi/9.3.1/../../../../arm-none-eabi/lib/thumb/v7-m/nofp\libc_nano.a(lib_a-lock.o)
 .ARM.attributes
                0x0000000000000655       0x1d c:/st/stm32cubeide_1.7.0/stm32cubeide/plugins/com.st.stm32cube.ide.mcu.externaltools.gnu-tools-for-stm32.9-2020-q2-update.win32_2.0.0.202105311346/tools/bin/../lib/gcc/arm-none-eabi/9.3.1/thumb/v7-m/nofp/crtn.o
OUTPUT(STM32F103C8T6.elf elf32-littlearm)
LOAD linker stubs
LOAD c:/st/stm32cubeide_1.7.0/stm32cubeide/plugins/com.st.stm32cube.ide.mcu.externaltools.gnu-tools-for-stm32.9-2020-q2-update.win32_2.0.0.202105311346/tools/bin/../lib/gcc/arm-none-eabi/9.3.1/../../../../arm-none-eabi/lib/thumb/v7-m/nofp\libc.a
LOAD c:/st/stm32cubeide_1.7.0/stm32cubeide/plugins/com.st.stm32cube.ide.mcu.externaltools.gnu-tools-for-stm32.9-2020-q2-update.win32_2.0.0.202105311346/tools/bin/../lib/gcc/arm-none-eabi/9.3.1/../../../../arm-none-eabi/lib/thumb/v7-m/nofp\libm.a
LOAD c:/st/stm32cubeide_1.7.0/stm32cubeide/plugins/com.st.stm32cube.ide.mcu.externaltools.gnu-tools-for-stm32.9-2020-q2-update.win32_2.0.0.202105311346/tools/bin/../lib/gcc/arm-none-eabi/9.3.1/thumb/v7-m/nofp\libgcc.a

.debug_info     0x0000000000000000    0x19773
 .debug_info    0x0000000000000000      0x72f ./Core/Src/buzzer.o
 .debug_info    0x000000000000072f     0x12c9 ./Core/Src/fsm.o
 .debug_info    0x00000000000019f8     0x1311 ./Core/Src/global.o
 .debug_info    0x0000000000002d09     0x10af ./Core/Src/lcd.o
 .debug_info    0x0000000000003db8     0x13d7 ./Core/Src/led_rgb.o
 .debug_info    0x000000000000518f     0x1c0d ./Core/Src/main.o
 .debug_info    0x0000000000006d9c     0x1422 ./Core/Src/scheduler.o
 .debug_info    0x00000000000081be     0x1326 ./Core/Src/signal.o
 .debug_info    0x00000000000094e4     0x1237 ./Core/Src/stm32f1xx_hal_msp.o
 .debug_info    0x000000000000a71b      0xa4b ./Core/Src/stm32f1xx_it.o
 .debug_info    0x000000000000b166      0xa25 ./Core/Src/sysmem.o
 .debug_info    0x000000000000bb8b      0x2be ./Core/Src/system_stm32f1xx.o
 .debug_info    0x000000000000be49     0x1360 ./Core/Src/wifi.o
 .debug_info    0x000000000000d1a9       0x22 ./Core/Startup/startup_stm32f103c8tx.o
 .debug_info    0x000000000000d1cb      0x76a ./Drivers/STM32F1xx_HAL_Driver/Src/stm32f1xx_hal.o
 .debug_info    0x000000000000d935      0xbdc ./Drivers/STM32F1xx_HAL_Driver/Src/stm32f1xx_hal_cortex.o
 .debug_info    0x000000000000e511      0x823 ./Drivers/STM32F1xx_HAL_Driver/Src/stm32f1xx_hal_dma.o
 .debug_info    0x000000000000ed34      0x701 ./Drivers/STM32F1xx_HAL_Driver/Src/stm32f1xx_hal_gpio.o
 .debug_info    0x000000000000f435     0x27cb ./Drivers/STM32F1xx_HAL_Driver/Src/stm32f1xx_hal_i2c.o
 .debug_info    0x0000000000011c00      0x893 ./Drivers/STM32F1xx_HAL_Driver/Src/stm32f1xx_hal_rcc.o
 .debug_info    0x0000000000012493     0x2c32 ./Drivers/STM32F1xx_HAL_Driver/Src/stm32f1xx_hal_tim.o
 .debug_info    0x00000000000150c5     0x157f ./Drivers/STM32F1xx_HAL_Driver/Src/stm32f1xx_hal_tim_ex.o
 .debug_info    0x0000000000016644     0x312f ./Drivers/STM32F1xx_HAL_Driver/Src/stm32f1xx_hal_uart.o

.debug_abbrev   0x0000000000000000     0x2fe4
 .debug_abbrev  0x0000000000000000      0x16d ./Core/Src/buzzer.o
 .debug_abbrev  0x000000000000016d      0x1ea ./Core/Src/fsm.o
 .debug_abbrev  0x0000000000000357      0x1dd ./Core/Src/global.o
 .debug_abbrev  0x0000000000000534      0x240 ./Core/Src/lcd.o
 .debug_abbrev  0x0000000000000774      0x266 ./Core/Src/led_rgb.o
 .debug_abbrev  0x00000000000009da      0x31e ./Core/Src/main.o
 .debug_abbrev  0x0000000000000cf8      0x24d ./Core/Src/scheduler.o
 .debug_abbrev  0x0000000000000f45      0x1ea ./Core/Src/signal.o
 .debug_abbrev  0x000000000000112f      0x206 ./Core/Src/stm32f1xx_hal_msp.o
 .debug_abbrev  0x0000000000001335      0x176 ./Core/Src/stm32f1xx_it.o
 .debug_abbrev  0x00000000000014ab      0x1bf ./Core/Src/sysmem.o
 .debug_abbrev  0x000000000000166a      0x14e ./Core/Src/system_stm32f1xx.o
 .debug_abbrev  0x00000000000017b8      0x260 ./Core/Src/wifi.o
 .debug_abbrev  0x0000000000001a18       0x12 ./Core/Startup/startup_stm32f103c8tx.o
 .debug_abbrev  0x0000000000001a2a      0x1ed ./Drivers/STM32F1xx_HAL_Driver/Src/stm32f1xx_hal.o
 .debug_abbrev  0x0000000000001c17      0x313 ./Drivers/STM32F1xx_HAL_Driver/Src/stm32f1xx_hal_cortex.o
 .debug_abbrev  0x0000000000001f2a      0x228 ./Drivers/STM32F1xx_HAL_Driver/Src/stm32f1xx_hal_dma.o
 .debug_abbrev  0x0000000000002152      0x1e8 ./Drivers/STM32F1xx_HAL_Driver/Src/stm32f1xx_hal_gpio.o
 .debug_abbrev  0x000000000000233a      0x288 ./Drivers/STM32F1xx_HAL_Driver/Src/stm32f1xx_hal_i2c.o
 .debug_abbrev  0x00000000000025c2      0x273 ./Drivers/STM32F1xx_HAL_Driver/Src/stm32f1xx_hal_rcc.o
 .debug_abbrev  0x0000000000002835      0x25e ./Drivers/STM32F1xx_HAL_Driver/Src/stm32f1xx_hal_tim.o
 .debug_abbrev  0x0000000000002a93      0x266 ./Drivers/STM32F1xx_HAL_Driver/Src/stm32f1xx_hal_tim_ex.o
 .debug_abbrev  0x0000000000002cf9      0x2eb ./Drivers/STM32F1xx_HAL_Driver/Src/stm32f1xx_hal_uart.o

.debug_aranges  0x0000000000000000     0x1060
 .debug_aranges
                0x0000000000000000       0x28 ./Core/Src/buzzer.o
 .debug_aranges
                0x0000000000000028       0x20 ./Core/Src/fsm.o
 .debug_aranges
                0x0000000000000048       0x18 ./Core/Src/global.o
 .debug_aranges
                0x0000000000000060       0x50 ./Core/Src/lcd.o
 .debug_aranges
                0x00000000000000b0       0x38 ./Core/Src/led_rgb.o
 .debug_aranges
                0x00000000000000e8       0x68 ./Core/Src/main.o
 .debug_aranges
                0x0000000000000150       0x40 ./Core/Src/scheduler.o
 .debug_aranges
                0x0000000000000190       0x38 ./Core/Src/signal.o
 .debug_aranges
                0x00000000000001c8       0x58 ./Core/Src/stm32f1xx_hal_msp.o
 .debug_aranges
                0x0000000000000220       0x70 ./Core/Src/stm32f1xx_it.o
 .debug_aranges
                0x0000000000000290       0x20 ./Core/Src/sysmem.o
 .debug_aranges
                0x00000000000002b0       0x28 ./Core/Src/system_stm32f1xx.o
 .debug_aranges
                0x00000000000002d8       0x30 ./Core/Src/wifi.o
 .debug_aranges
                0x0000000000000308       0x28 ./Core/Startup/startup_stm32f103c8tx.o
 .debug_aranges
                0x0000000000000330       0xe0 ./Drivers/STM32F1xx_HAL_Driver/Src/stm32f1xx_hal.o
 .debug_aranges
                0x0000000000000410      0x100 ./Drivers/STM32F1xx_HAL_Driver/Src/stm32f1xx_hal_cortex.o
 .debug_aranges
                0x0000000000000510       0x80 ./Drivers/STM32F1xx_HAL_Driver/Src/stm32f1xx_hal_dma.o
 .debug_aranges
                0x0000000000000590       0x58 ./Drivers/STM32F1xx_HAL_Driver/Src/stm32f1xx_hal_gpio.o
 .debug_aranges
                0x00000000000005e8      0x2a8 ./Drivers/STM32F1xx_HAL_Driver/Src/stm32f1xx_hal_i2c.o
 .debug_aranges
                0x0000000000000890       0x90 ./Drivers/STM32F1xx_HAL_Driver/Src/stm32f1xx_hal_rcc.o
 .debug_aranges
                0x0000000000000920      0x3d0 ./Drivers/STM32F1xx_HAL_Driver/Src/stm32f1xx_hal_tim.o
 .debug_aranges
                0x0000000000000cf0      0x168 ./Drivers/STM32F1xx_HAL_Driver/Src/stm32f1xx_hal_tim_ex.o
 .debug_aranges
                0x0000000000000e58      0x208 ./Drivers/STM32F1xx_HAL_Driver/Src/stm32f1xx_hal_uart.o

.debug_ranges   0x0000000000000000      0xf38
 .debug_ranges  0x0000000000000000       0x18 ./Core/Src/buzzer.o
 .debug_ranges  0x0000000000000018       0x10 ./Core/Src/fsm.o
 .debug_ranges  0x0000000000000028       0x40 ./Core/Src/lcd.o
 .debug_ranges  0x0000000000000068       0x28 ./Core/Src/led_rgb.o
 .debug_ranges  0x0000000000000090       0x58 ./Core/Src/main.o
 .debug_ranges  0x00000000000000e8       0x30 ./Core/Src/scheduler.o
 .debug_ranges  0x0000000000000118       0x28 ./Core/Src/signal.o
 .debug_ranges  0x0000000000000140       0x48 ./Core/Src/stm32f1xx_hal_msp.o
 .debug_ranges  0x0000000000000188       0x60 ./Core/Src/stm32f1xx_it.o
 .debug_ranges  0x00000000000001e8       0x10 ./Core/Src/sysmem.o
 .debug_ranges  0x00000000000001f8       0x18 ./Core/Src/system_stm32f1xx.o
 .debug_ranges  0x0000000000000210       0x20 ./Core/Src/wifi.o
 .debug_ranges  0x0000000000000230       0x20 ./Core/Startup/startup_stm32f103c8tx.o
 .debug_ranges  0x0000000000000250       0xd0 ./Drivers/STM32F1xx_HAL_Driver/Src/stm32f1xx_hal.o
 .debug_ranges  0x0000000000000320       0xf0 ./Drivers/STM32F1xx_HAL_Driver/Src/stm32f1xx_hal_cortex.o
 .debug_ranges  0x0000000000000410       0x70 ./Drivers/STM32F1xx_HAL_Driver/Src/stm32f1xx_hal_dma.o
 .debug_ranges  0x0000000000000480       0x48 ./Drivers/STM32F1xx_HAL_Driver/Src/stm32f1xx_hal_gpio.o
 .debug_ranges  0x00000000000004c8      0x2b0 ./Drivers/STM32F1xx_HAL_Driver/Src/stm32f1xx_hal_i2c.o
 .debug_ranges  0x0000000000000778       0x80 ./Drivers/STM32F1xx_HAL_Driver/Src/stm32f1xx_hal_rcc.o
 .debug_ranges  0x00000000000007f8      0x3c0 ./Drivers/STM32F1xx_HAL_Driver/Src/stm32f1xx_hal_tim.o
 .debug_ranges  0x0000000000000bb8      0x158 ./Drivers/STM32F1xx_HAL_Driver/Src/stm32f1xx_hal_tim_ex.o
 .debug_ranges  0x0000000000000d10      0x228 ./Drivers/STM32F1xx_HAL_Driver/Src/stm32f1xx_hal_uart.o

.debug_macro    0x0000000000000000    0x19e6c
 .debug_macro   0x0000000000000000      0x1c6 ./Core/Src/buzzer.o
 .debug_macro   0x00000000000001c6      0xa9c ./Core/Src/buzzer.o
 .debug_macro   0x0000000000000c62      0x221 ./Core/Src/buzzer.o
 .debug_macro   0x0000000000000e83       0x2e ./Core/Src/buzzer.o
 .debug_macro   0x0000000000000eb1       0x22 ./Core/Src/buzzer.o
 .debug_macro   0x0000000000000ed3       0x22 ./Core/Src/buzzer.o
 .debug_macro   0x0000000000000ef5       0x8e ./Core/Src/buzzer.o
 .debug_macro   0x0000000000000f83       0x51 ./Core/Src/buzzer.o
 .debug_macro   0x0000000000000fd4      0x103 ./Core/Src/buzzer.o
 .debug_macro   0x00000000000010d7       0x6a ./Core/Src/buzzer.o
 .debug_macro   0x0000000000001141      0x1df ./Core/Src/buzzer.o
 .debug_macro   0x0000000000001320       0x1c ./Core/Src/buzzer.o
 .debug_macro   0x000000000000133c       0x22 ./Core/Src/buzzer.o
 .debug_macro   0x000000000000135e       0xc3 ./Core/Src/buzzer.o
 .debug_macro   0x0000000000001421      0xd23 ./Core/Src/buzzer.o
 .debug_macro   0x0000000000002144     0xe09e ./Core/Src/buzzer.o
 .debug_macro   0x00000000000101e2       0x6d ./Core/Src/buzzer.o
 .debug_macro   0x000000000001024f     0x34a2 ./Core/Src/buzzer.o
 .debug_macro   0x00000000000136f1      0x174 ./Core/Src/buzzer.o
 .debug_macro   0x0000000000013865       0x5c ./Core/Src/buzzer.o
 .debug_macro   0x00000000000138c1      0x5bc ./Core/Src/buzzer.o
 .debug_macro   0x0000000000013e7d      0x289 ./Core/Src/buzzer.o
 .debug_macro   0x0000000000014106      0x1cb ./Core/Src/buzzer.o
 .debug_macro   0x00000000000142d1      0x114 ./Core/Src/buzzer.o
 .debug_macro   0x00000000000143e5      0x1b2 ./Core/Src/buzzer.o
 .debug_macro   0x0000000000014597       0x27 ./Core/Src/buzzer.o
 .debug_macro   0x00000000000145be      0x136 ./Core/Src/buzzer.o
 .debug_macro   0x00000000000146f4      0x1bc ./Core/Src/buzzer.o
 .debug_macro   0x00000000000148b0       0x34 ./Core/Src/buzzer.o
 .debug_macro   0x00000000000148e4       0x3c ./Core/Src/buzzer.o
 .debug_macro   0x0000000000014920       0x57 ./Core/Src/buzzer.o
 .debug_macro   0x0000000000014977       0x87 ./Core/Src/buzzer.o
 .debug_macro   0x00000000000149fe      0x240 ./Core/Src/buzzer.o
 .debug_macro   0x0000000000014c3e      0x287 ./Core/Src/buzzer.o
 .debug_macro   0x0000000000014ec5      0x140 ./Core/Src/buzzer.o
 .debug_macro   0x0000000000015005      0x8ed ./Core/Src/buzzer.o
 .debug_macro   0x00000000000158f2      0x28e ./Core/Src/buzzer.o
 .debug_macro   0x0000000000015b80       0x83 ./Core/Src/buzzer.o
 .debug_macro   0x0000000000015c03       0x64 ./Core/Src/buzzer.o
 .debug_macro   0x0000000000015c67      0x3e2 ./Core/Src/fsm.o
 .debug_macro   0x0000000000016049       0x52 ./Core/Src/fsm.o
 .debug_macro   0x000000000001609b       0x18 ./Core/Src/fsm.o
 .debug_macro   0x00000000000160b3       0x3c ./Core/Src/fsm.o
 .debug_macro   0x00000000000160ef       0x34 ./Core/Src/fsm.o
 .debug_macro   0x0000000000016123       0x16 ./Core/Src/fsm.o
 .debug_macro   0x0000000000016139       0x35 ./Core/Src/fsm.o
 .debug_macro   0x000000000001616e      0x333 ./Core/Src/fsm.o
 .debug_macro   0x00000000000164a1       0x10 ./Core/Src/fsm.o
 .debug_macro   0x00000000000164b1       0x16 ./Core/Src/fsm.o
 .debug_macro   0x00000000000164c7       0x43 ./Core/Src/fsm.o
 .debug_macro   0x000000000001650a       0x34 ./Core/Src/fsm.o
 .debug_macro   0x000000000001653e       0x10 ./Core/Src/fsm.o
 .debug_macro   0x000000000001654e       0x58 ./Core/Src/fsm.o
 .debug_macro   0x00000000000165a6       0x71 ./Core/Src/fsm.o
 .debug_macro   0x0000000000016617       0x1c ./Core/Src/fsm.o
 .debug_macro   0x0000000000016633      0x12a ./Core/Src/fsm.o
 .debug_macro   0x000000000001675d       0x10 ./Core/Src/fsm.o
 .debug_macro   0x000000000001676d       0x1c ./Core/Src/fsm.o
 .debug_macro   0x0000000000016789       0x52 ./Core/Src/fsm.o
 .debug_macro   0x00000000000167db       0x22 ./Core/Src/fsm.o
 .debug_macro   0x00000000000167fd       0x10 ./Core/Src/fsm.o
 .debug_macro   0x000000000001680d       0x40 ./Core/Src/fsm.o
 .debug_macro   0x000000000001684d       0xd5 ./Core/Src/fsm.o
 .debug_macro   0x0000000000016922       0x1c ./Core/Src/fsm.o
 .debug_macro   0x000000000001693e       0x3d ./Core/Src/fsm.o
 .debug_macro   0x000000000001697b       0x16 ./Core/Src/fsm.o
 .debug_macro   0x0000000000016991      0x145 ./Core/Src/fsm.o
 .debug_macro   0x0000000000016ad6       0x16 ./Core/Src/fsm.o
 .debug_macro   0x0000000000016aec       0x16 ./Core/Src/fsm.o
 .debug_macro   0x0000000000016b02       0x29 ./Core/Src/fsm.o
 .debug_macro   0x0000000000016b2b       0x16 ./Core/Src/fsm.o
 .debug_macro   0x0000000000016b41       0x20 ./Core/Src/fsm.o
 .debug_macro   0x0000000000016b61       0x34 ./Core/Src/fsm.o
 .debug_macro   0x0000000000016b95      0x3de ./Core/Src/global.o
 .debug_macro   0x0000000000016f73      0x31c ./Core/Src/lcd.o
 .debug_macro   0x000000000001728f      0x3e2 ./Core/Src/led_rgb.o
 .debug_macro   0x0000000000017671      0x3e6 ./Core/Src/main.o
 .debug_macro   0x0000000000017a57      0x3e2 ./Core/Src/scheduler.o
 .debug_macro   0x0000000000017e39      0x3e2 ./Core/Src/signal.o
 .debug_macro   0x000000000001821b      0x1bc ./Core/Src/stm32f1xx_hal_msp.o
 .debug_macro   0x00000000000183d7      0x1c6 ./Core/Src/stm32f1xx_it.o
 .debug_macro   0x000000000001859d       0xff ./Core/Src/sysmem.o
 .debug_macro   0x000000000001869c      0x23b ./Core/Src/sysmem.o
 .debug_macro   0x00000000000188d7      0x1ad ./Core/Src/system_stm32f1xx.o
 .debug_macro   0x0000000000018a84      0x3e2 ./Core/Src/wifi.o
 .debug_macro   0x0000000000018e66      0x1d1 ./Drivers/STM32F1xx_HAL_Driver/Src/stm32f1xx_hal.o
 .debug_macro   0x0000000000019037      0x1ad ./Drivers/STM32F1xx_HAL_Driver/Src/stm32f1xx_hal_cortex.o
 .debug_macro   0x00000000000191e4      0x1ad ./Drivers/STM32F1xx_HAL_Driver/Src/stm32f1xx_hal_dma.o
 .debug_macro   0x0000000000019391      0x218 ./Drivers/STM32F1xx_HAL_Driver/Src/stm32f1xx_hal_gpio.o
 .debug_macro   0x00000000000195a9      0x1fb ./Drivers/STM32F1xx_HAL_Driver/Src/stm32f1xx_hal_i2c.o
 .debug_macro   0x00000000000197a4      0x1bf ./Drivers/STM32F1xx_HAL_Driver/Src/stm32f1xx_hal_rcc.o
 .debug_macro   0x0000000000019963      0x1ae ./Drivers/STM32F1xx_HAL_Driver/Src/stm32f1xx_hal_tim.o
 .debug_macro   0x0000000000019b11      0x1ad ./Drivers/STM32F1xx_HAL_Driver/Src/stm32f1xx_hal_tim_ex.o
 .debug_macro   0x0000000000019cbe      0x1ae ./Drivers/STM32F1xx_HAL_Driver/Src/stm32f1xx_hal_uart.o

.debug_line     0x0000000000000000    0x15a0f
 .debug_line    0x0000000000000000      0x6ac ./Core/Src/buzzer.o
 .debug_line    0x00000000000006ac      0x98d ./Core/Src/fsm.o
 .debug_line    0x0000000000001039      0x903 ./Core/Src/global.o
 .debug_line    0x000000000000193c      0x94d ./Core/Src/lcd.o
 .debug_line    0x0000000000002289      0x9ba ./Core/Src/led_rgb.o
 .debug_line    0x0000000000002c43      0xbd1 ./Core/Src/main.o
 .debug_line    0x0000000000003814      0xa6f ./Core/Src/scheduler.o
 .debug_line    0x0000000000004283      0x996 ./Core/Src/signal.o
 .debug_line    0x0000000000004c19      0x7fa ./Core/Src/stm32f1xx_hal_msp.o
 .debug_line    0x0000000000005413      0x786 ./Core/Src/stm32f1xx_it.o
 .debug_line    0x0000000000005b99      0x4f8 ./Core/Src/sysmem.o
 .debug_line    0x0000000000006091      0x712 ./Core/Src/system_stm32f1xx.o
 .debug_line    0x00000000000067a3      0x98c ./Core/Src/wifi.o
 .debug_line    0x000000000000712f       0x86 ./Core/Startup/startup_stm32f103c8tx.o
 .debug_line    0x00000000000071b5      0x93f ./Drivers/STM32F1xx_HAL_Driver/Src/stm32f1xx_hal.o
 .debug_line    0x0000000000007af4      0xb27 ./Drivers/STM32F1xx_HAL_Driver/Src/stm32f1xx_hal_cortex.o
 .debug_line    0x000000000000861b      0xd98 ./Drivers/STM32F1xx_HAL_Driver/Src/stm32f1xx_hal_dma.o
 .debug_line    0x00000000000093b3      0x9d8 ./Drivers/STM32F1xx_HAL_Driver/Src/stm32f1xx_hal_gpio.o
 .debug_line    0x0000000000009d8b     0x3ad5 ./Drivers/STM32F1xx_HAL_Driver/Src/stm32f1xx_hal_i2c.o
 .debug_line    0x000000000000d860      0xd4b ./Drivers/STM32F1xx_HAL_Driver/Src/stm32f1xx_hal_rcc.o
 .debug_line    0x000000000000e5ab     0x33d9 ./Drivers/STM32F1xx_HAL_Driver/Src/stm32f1xx_hal_tim.o
 .debug_line    0x0000000000011984     0x1885 ./Drivers/STM32F1xx_HAL_Driver/Src/stm32f1xx_hal_tim_ex.o
 .debug_line    0x0000000000013209     0x2806 ./Drivers/STM32F1xx_HAL_Driver/Src/stm32f1xx_hal_uart.o

.debug_str      0x0000000000000000    0x8daae
 .debug_str     0x0000000000000000    0x8524e ./Core/Src/buzzer.o
                                      0x8563b (size before relaxing)
 .debug_str     0x000000000008524e     0x44c0 ./Core/Src/fsm.o
                                      0x89b8f (size before relaxing)
 .debug_str     0x000000000008970e       0x15 ./Core/Src/global.o
                                      0x89b8a (size before relaxing)
 .debug_str     0x0000000000089723      0x2da ./Core/Src/lcd.o
                                      0x895b3 (size before relaxing)
 .debug_str     0x00000000000899fd       0x9a ./Core/Src/led_rgb.o
                                      0x89c1e (size before relaxing)
 .debug_str     0x0000000000089a97      0x430 ./Core/Src/main.o
                                      0x8a237 (size before relaxing)
 .debug_str     0x0000000000089ec7       0xa5 ./Core/Src/scheduler.o
                                      0x89c34 (size before relaxing)
 .debug_str     0x0000000000089f6c       0x4d ./Core/Src/signal.o
                                      0x89c02 (size before relaxing)
 .debug_str     0x0000000000089fb9      0x359 ./Core/Src/stm32f1xx_hal_msp.o
                                      0x85ed1 (size before relaxing)
 .debug_str     0x000000000008a312       0xdf ./Core/Src/stm32f1xx_it.o
                                      0x858f4 (size before relaxing)
 .debug_str     0x000000000008a3f1      0x4e9 ./Core/Src/sysmem.o
                                       0x6279 (size before relaxing)
 .debug_str     0x000000000008a8da       0x52 ./Core/Src/system_stm32f1xx.o
                                      0x85058 (size before relaxing)
 .debug_str     0x000000000008a92c       0x58 ./Core/Src/wifi.o
                                      0x89be1 (size before relaxing)
 .debug_str     0x000000000008a984       0x36 ./Core/Startup/startup_stm32f103c8tx.o
                                         0x8d (size before relaxing)
 .debug_str     0x000000000008a9ba      0x304 ./Drivers/STM32F1xx_HAL_Driver/Src/stm32f1xx_hal.o
                                      0x856e9 (size before relaxing)
 .debug_str     0x000000000008acbe      0x300 ./Drivers/STM32F1xx_HAL_Driver/Src/stm32f1xx_hal_cortex.o
                                      0x856f1 (size before relaxing)
 .debug_str     0x000000000008afbe      0x235 ./Drivers/STM32F1xx_HAL_Driver/Src/stm32f1xx_hal_dma.o
                                      0x85433 (size before relaxing)
 .debug_str     0x000000000008b1f3      0x31f ./Drivers/STM32F1xx_HAL_Driver/Src/stm32f1xx_hal_gpio.o
                                      0x8541c (size before relaxing)
 .debug_str     0x000000000008b512      0xb95 ./Drivers/STM32F1xx_HAL_Driver/Src/stm32f1xx_hal_i2c.o
                                      0x860e7 (size before relaxing)
 .debug_str     0x000000000008c0a7      0x244 ./Drivers/STM32F1xx_HAL_Driver/Src/stm32f1xx_hal_rcc.o
                                      0x85455 (size before relaxing)
 .debug_str     0x000000000008c2eb      0xd72 ./Drivers/STM32F1xx_HAL_Driver/Src/stm32f1xx_hal_tim.o
                                      0x8643e (size before relaxing)
 .debug_str     0x000000000008d05d      0x45a ./Drivers/STM32F1xx_HAL_Driver/Src/stm32f1xx_hal_tim_ex.o
                                      0x85bdf (size before relaxing)
 .debug_str     0x000000000008d4b7      0x5f7 ./Drivers/STM32F1xx_HAL_Driver/Src/stm32f1xx_hal_uart.o
                                      0x85aad (size before relaxing)

.comment        0x0000000000000000       0x53
 .comment       0x0000000000000000       0x53 ./Core/Src/buzzer.o
                                         0x54 (size before relaxing)
 .comment       0x0000000000000053       0x54 ./Core/Src/fsm.o
 .comment       0x0000000000000053       0x54 ./Core/Src/global.o
 .comment       0x0000000000000053       0x54 ./Core/Src/lcd.o
 .comment       0x0000000000000053       0x54 ./Core/Src/led_rgb.o
 .comment       0x0000000000000053       0x54 ./Core/Src/main.o
 .comment       0x0000000000000053       0x54 ./Core/Src/scheduler.o
 .comment       0x0000000000000053       0x54 ./Core/Src/signal.o
 .comment       0x0000000000000053       0x54 ./Core/Src/stm32f1xx_hal_msp.o
 .comment       0x0000000000000053       0x54 ./Core/Src/stm32f1xx_it.o
 .comment       0x0000000000000053       0x54 ./Core/Src/sysmem.o
 .comment       0x0000000000000053       0x54 ./Core/Src/system_stm32f1xx.o
 .comment       0x0000000000000053       0x54 ./Core/Src/wifi.o
 .comment       0x0000000000000053       0x54 ./Drivers/STM32F1xx_HAL_Driver/Src/stm32f1xx_hal.o
 .comment       0x0000000000000053       0x54 ./Drivers/STM32F1xx_HAL_Driver/Src/stm32f1xx_hal_cortex.o
 .comment       0x0000000000000053       0x54 ./Drivers/STM32F1xx_HAL_Driver/Src/stm32f1xx_hal_dma.o
 .comment       0x0000000000000053       0x54 ./Drivers/STM32F1xx_HAL_Driver/Src/stm32f1xx_hal_gpio.o
 .comment       0x0000000000000053       0x54 ./Drivers/STM32F1xx_HAL_Driver/Src/stm32f1xx_hal_i2c.o
 .comment       0x0000000000000053       0x54 ./Drivers/STM32F1xx_HAL_Driver/Src/stm32f1xx_hal_rcc.o
 .comment       0x0000000000000053       0x54 ./Drivers/STM32F1xx_HAL_Driver/Src/stm32f1xx_hal_tim.o
 .comment       0x0000000000000053       0x54 ./Drivers/STM32F1xx_HAL_Driver/Src/stm32f1xx_hal_tim_ex.o
 .comment       0x0000000000000053       0x54 ./Drivers/STM32F1xx_HAL_Driver/Src/stm32f1xx_hal_uart.o

.debug_frame    0x0000000000000000     0x44fc
 .debug_frame   0x0000000000000000       0x48 ./Core/Src/buzzer.o
 .debug_frame   0x0000000000000048       0x2c ./Core/Src/fsm.o
 .debug_frame   0x0000000000000074       0xfc ./Core/Src/lcd.o
 .debug_frame   0x0000000000000170       0xa0 ./Core/Src/led_rgb.o
 .debug_frame   0x0000000000000210      0x154 ./Core/Src/main.o
 .debug_frame   0x0000000000000364       0xb8 ./Core/Src/scheduler.o
 .debug_frame   0x000000000000041c       0x80 ./Core/Src/signal.o
 .debug_frame   0x000000000000049c      0x134 ./Core/Src/stm32f1xx_hal_msp.o
 .debug_frame   0x00000000000005d0      0x13c ./Core/Src/stm32f1xx_it.o
 .debug_frame   0x000000000000070c       0x34 ./Core/Src/sysmem.o
 .debug_frame   0x0000000000000740       0x58 ./Core/Src/system_stm32f1xx.o
 .debug_frame   0x0000000000000798       0x78 ./Core/Src/wifi.o
 .debug_frame   0x0000000000000810      0x334 ./Drivers/STM32F1xx_HAL_Driver/Src/stm32f1xx_hal.o
 .debug_frame   0x0000000000000b44      0x428 ./Drivers/STM32F1xx_HAL_Driver/Src/stm32f1xx_hal_cortex.o
 .debug_frame   0x0000000000000f6c      0x208 ./Drivers/STM32F1xx_HAL_Driver/Src/stm32f1xx_hal_dma.o
 .debug_frame   0x0000000000001174      0x14c ./Drivers/STM32F1xx_HAL_Driver/Src/stm32f1xx_hal_gpio.o
 .debug_frame   0x00000000000012c0      0xc84 ./Drivers/STM32F1xx_HAL_Driver/Src/stm32f1xx_hal_i2c.o
 .debug_frame   0x0000000000001f44      0x218 ./Drivers/STM32F1xx_HAL_Driver/Src/stm32f1xx_hal_rcc.o
 .debug_frame   0x000000000000215c     0x11b8 ./Drivers/STM32F1xx_HAL_Driver/Src/stm32f1xx_hal_tim.o
 .debug_frame   0x0000000000003314      0x638 ./Drivers/STM32F1xx_HAL_Driver/Src/stm32f1xx_hal_tim_ex.o
 .debug_frame   0x000000000000394c      0x944 ./Drivers/STM32F1xx_HAL_Driver/Src/stm32f1xx_hal_uart.o
 .debug_frame   0x0000000000004290       0x20 c:/st/stm32cubeide_1.7.0/stm32cubeide/plugins/com.st.stm32cube.ide.mcu.externaltools.gnu-tools-for-stm32.9-2020-q2-update.win32_2.0.0.202105311346/tools/bin/../lib/gcc/arm-none-eabi/9.3.1/../../../../arm-none-eabi/lib/thumb/v7-m/nofp\libc_nano.a(lib_a-errno.o)
 .debug_frame   0x00000000000042b0       0x2c c:/st/stm32cubeide_1.7.0/stm32cubeide/plugins/com.st.stm32cube.ide.mcu.externaltools.gnu-tools-for-stm32.9-2020-q2-update.win32_2.0.0.202105311346/tools/bin/../lib/gcc/arm-none-eabi/9.3.1/../../../../arm-none-eabi/lib/thumb/v7-m/nofp\libc_nano.a(lib_a-init.o)
 .debug_frame   0x00000000000042dc       0x30 c:/st/stm32cubeide_1.7.0/stm32cubeide/plugins/com.st.stm32cube.ide.mcu.externaltools.gnu-tools-for-stm32.9-2020-q2-update.win32_2.0.0.202105311346/tools/bin/../lib/gcc/arm-none-eabi/9.3.1/../../../../arm-none-eabi/lib/thumb/v7-m/nofp\libc_nano.a(lib_a-malloc.o)
 .debug_frame   0x000000000000430c       0x20 c:/st/stm32cubeide_1.7.0/stm32cubeide/plugins/com.st.stm32cube.ide.mcu.externaltools.gnu-tools-for-stm32.9-2020-q2-update.win32_2.0.0.202105311346/tools/bin/../lib/gcc/arm-none-eabi/9.3.1/../../../../arm-none-eabi/lib/thumb/v7-m/nofp\libc_nano.a(lib_a-memset.o)
 .debug_frame   0x000000000000432c       0x38 c:/st/stm32cubeide_1.7.0/stm32cubeide/plugins/com.st.stm32cube.ide.mcu.externaltools.gnu-tools-for-stm32.9-2020-q2-update.win32_2.0.0.202105311346/tools/bin/../lib/gcc/arm-none-eabi/9.3.1/../../../../arm-none-eabi/lib/thumb/v7-m/nofp\libc_nano.a(lib_a-nano-freer.o)
 .debug_frame   0x0000000000004364       0x30 c:/st/stm32cubeide_1.7.0/stm32cubeide/plugins/com.st.stm32cube.ide.mcu.externaltools.gnu-tools-for-stm32.9-2020-q2-update.win32_2.0.0.202105311346/tools/bin/../lib/gcc/arm-none-eabi/9.3.1/../../../../arm-none-eabi/lib/thumb/v7-m/nofp\libc_nano.a(lib_a-nano-mallocr.o)
 .debug_frame   0x0000000000004394       0x2c c:/st/stm32cubeide_1.7.0/stm32cubeide/plugins/com.st.stm32cube.ide.mcu.externaltools.gnu-tools-for-stm32.9-2020-q2-update.win32_2.0.0.202105311346/tools/bin/../lib/gcc/arm-none-eabi/9.3.1/../../../../arm-none-eabi/lib/thumb/v7-m/nofp\libc_nano.a(lib_a-sbrkr.o)
 .debug_frame   0x00000000000043c0       0x30 c:/st/stm32cubeide_1.7.0/stm32cubeide/plugins/com.st.stm32cube.ide.mcu.externaltools.gnu-tools-for-stm32.9-2020-q2-update.win32_2.0.0.202105311346/tools/bin/../lib/gcc/arm-none-eabi/9.3.1/../../../../arm-none-eabi/lib/thumb/v7-m/nofp\libc_nano.a(lib_a-mlock.o)
 .debug_frame   0x00000000000043f0       0x5c c:/st/stm32cubeide_1.7.0/stm32cubeide/plugins/com.st.stm32cube.ide.mcu.externaltools.gnu-tools-for-stm32.9-2020-q2-update.win32_2.0.0.202105311346/tools/bin/../lib/gcc/arm-none-eabi/9.3.1/../../../../arm-none-eabi/lib/thumb/v7-m/nofp\libc_nano.a(lib_a-reent.o)
 .debug_frame   0x000000000000444c       0xb0 c:/st/stm32cubeide_1.7.0/stm32cubeide/plugins/com.st.stm32cube.ide.mcu.externaltools.gnu-tools-for-stm32.9-2020-q2-update.win32_2.0.0.202105311346/tools/bin/../lib/gcc/arm-none-eabi/9.3.1/../../../../arm-none-eabi/lib/thumb/v7-m/nofp\libc_nano.a(lib_a-lock.o)
